02:06:17 repgen: Black from rnbqkb1r/pp2pp1p/3p1np1/2pP4/4P3/2N5/PPP2PPP/R1BQKBNR w KQkq - 0 5 (d4 c5 d5 Nf6 Nc3 g6 e4 d6); Lichess blitz,rapid,classical / 1800,2000,2200.
02:06:17 Opp  [100.00%] (start): Nf3 26%, f4 23%, Bb5+ 14%, Be2 8%, Bg5 7%, h3 6%, f3 3%, Bf4 3%, Bd3 3% of 298389 games
02:13:53 Me   [25.59%] 5.Nf3: Bg7 (Prac 49.7 d5; Nfd7 41.4, Qa5 45.7, a6 48.6; 7m35s, 120 requests)
02:13:53 Opp  [25.59%] 5.Nf3 Bg7: Be2 26%, Bb5+ 24%, h3 11%, Bd3 10%, Bc4 8%, Bg5 6% of 197995 games
02:17:49 Me   [23.05%] 5.f4: Bg7 (Prac 54.6 d5; e6 52.4, Bd7 37.0, Na6 43.5; 3m52s, 58 requests)
02:17:49 Opp  [23.05%] 5.f4 Bg7: Nf3 58%, Bb5+ 20%, e5 15% of 87664 games
02:20:29 Me   [13.56%] 5.Bb5+: Bd7 (Prac 49.4 d5; Nfd7 43.2, Nbd7 48.7; 2m36s, 39 requests)
02:20:29 Opp  [13.56%] 5.Bb5+ Bd7: a4 79%, Bxd7+ 10% of 26868 games
02:25:04 Me   [13.27%] 5.f4 Bg7 6.Nf3: O-O (Prac 55.3 d3; a6 50.6, h6 40.8, Bd7 43.2; 4m31s, 67 requests)
02:25:04 Opp  [13.27%] 5.f4 Bg7 6.Nf3 O-O: Bd3 29%, Be2 28%, e5 10%, h3 10% of 66972 games
02:25:27 Me   [10.77%] 5.Bb5+ Bd7 6.a4: Bg7 (Prac 48.8 d1; Bxb5 48.6, Na6 47.5; 0m22s, 2 requests)
02:25:27 Opp  [10.77%] 5.Bb5+ Bd7 6.a4 Bg7: Nf3 77% of 21148 games
02:26:37 Me   [8.27%] 5.Bb5+ Bd7 6.a4 Bg7 7.Nf3: Bxb5 (Prac 49.1 d5; Na6 48.2; 1m09s, 20 requests)
02:26:37 Opp  [8.27%] 5.Bb5+ Bd7 6.a4 Bg7 7.Nf3 Bxb5: axb5 99% of 1431 games
02:27:09 Me   [8.22%] 5.Bb5+ Bd7 6.a4 Bg7 7.Nf3 Bxb5 8.axb5: Nbd7 (Prac 49.0 d3; O-O 48.9, Qc8 46.1, a5 45.0, a6 48.3; 0m28s, 7 requests)
02:27:09 Opp  [8.22%] 5.Bb5+ Bd7 6.a4 Bg7 7.Nf3 Bxb5 8.axb5 Nbd7: O-O 77% of 785 games
02:31:33 Me   [7.53%] 5.Be2: Bg7 (Prac 50.0 d5; Na6 48.2, a6 46.9, Qa5 46.8; 4m20s, 65 requests)
02:31:33 Opp  [7.53%] 5.Be2 Bg7: Nf3 69%, h4 10%, g4 8% of 30166 games
02:37:41 Me   [11.92%] 5.Nf3 Bg7 6.Be2: O-O (Prac 49.9 d5; Na6 49.2, a6 46.6, b5 37.8, Qa5 44.6, Bg4 46.3; 6m04s, 91 requests)
02:37:41 Opp  [11.92%] 5.Nf3 Bg7 6.Be2 O-O: O-O 79% of 65991 games
02:45:09 Me   [9.46%] 5.Nf3 Bg7 6.Be2 O-O 7.O-O: e6 (Prac 50.0 d5; Na6 49.4, b6 48.2, h5 39.7, a6 48.4, Bg4 47.6; 7m24s, 111 requests)
02:45:09 Opp  [9.46%] 5.Nf3 Bg7 6.Be2 O-O 7.O-O e6: Nd2 20%, Bg5 17%, h3 16%, dxe6 15% of 15831 games
02:53:09 Me   [7.50%] 5.Bg5: a6!? (Prac 54.7 d5; Bg7 53.4, h6 51.7, Qb6 53.1; 7m56s, 119 requests)
02:53:09 Opp  [7.50%] 5.Bg5 a6: Bxf6 30%, Qd2 18%, Nf3 15%, a4 13%, f4 8% of 514 games
02:54:13 Me   [6.31%] 5.Bb5+ Bd7 6.a4 Bg7 7.Nf3 Bxb5 8.axb5 Nbd7 9.O-O: O-O (Prac 49.6 d3; Qc8 46.2, Nb6 45.8, a6 46.9; 1m00s, 15 requests)
02:54:13 Opp  [6.31%] 5.Bb5+ Bd7 6.a4 Bg7 7.Nf3 Bxb5 8.axb5 Nbd7 9.O-O O-O: h3 33% of 2258 games
02:57:13 Me   [6.17%] 5.Nf3 Bg7 6.Bb5+: Bd7 (Prac 49.8 d5; Nbd7 50.5, Nfd7 45.5; 2m56s, 44 requests)
02:57:13 Opp  [6.17%] 5.Nf3 Bg7 6.Bb5+ Bd7: a4 67%, Bxd7+ 17% of 31428 games
03:03:05 Me   [5.63%] 5.h3: Bg7 (Prac 51.3 d5; a6 49.4, h5 37.6, e6 41.2, Qa5 39.8; 5m48s, 87 requests)
03:03:05 Opp  [5.63%] 5.h3 Bg7: Nf3 74% of 22391 games
03:09:25 Me   [7.05%] 5.Nf3 Bg7 6.h3: O-O (Prac 52.1 d5; a6 48.9, Qa5 48.4, e5 43.1; 6m16s, 94 requests)
03:09:25 Opp  [7.05%] 5.Nf3 Bg7 6.h3 O-O: Be2 30%, Bd3 24%, a4 15%, Bc4 10% of 38946 games
03:11:49 Me   [4.51%] 5.f4 Bg7 6.Bb5+: Bd7 (Prac 54.1 d5; Nfd7 44.2, Kf8 43.0; 2m20s, 35 requests)
03:11:49 Opp  [4.51%] 5.f4 Bg7 6.Bb5+ Bd7: e5 74% of 10782 games
03:12:32 Me   [3.88%] 5.f4 Bg7 6.Nf3 O-O 7.Bd3: Qb6!? (Prac 58.3 d1; a6 51.1, e6 51.3, b5 55.7, Na6 49.3, Bg4 48.8; 0m39s, 3 requests)
03:12:32 Opp  [3.88%] 5.f4 Bg7 6.Nf3 O-O 7.Bd3 Qb6: Na4 17%, Qe2 15% of 503 games
03:15:25 Me   [3.71%] 5.f4 Bg7 6.Nf3 O-O 7.Be2: b5 (Prac 62.1 d5; e6 56.7, Na6 53.0, a6 52.2; 2m53s, 49 requests)
03:15:25 Opp  [3.71%] 5.f4 Bg7 6.Nf3 O-O 7.Be2 b5: Bxb5 53%, e5 26% of 6947 games
03:17:21 Me   [3.52%] 5.f4 Bg7 6.e5: Nfd7 (Prac 57.4 d5; dxe5 50.1, Nh5 37.3, Ng8 48.0; 1m52s, 28 requests)
03:17:21 Opp  [3.52%] 5.f4 Bg7 6.e5 Nfd7: e6 49%, exd6 36% of 3796 games
03:23:37 Me   [3.42%] 5.f3: Bg7 (Prac 52.0 d5; a6 51.9, e6 47.1, Nbd7 50.2, e5 39.4; 6m12s, 93 requests)
03:23:37 Opp  [3.42%] 5.f3 Bg7: Be3 57% of 15362 games
03:25:09 Me   [3.32%] 5.f4 Bg7 6.Bb5+ Bd7 7.e5: Ng8 (Prac 56.0 d5; Nh5 37.6, dxe5 45.5; 1m28s, 22 requests)
03:25:09 Opp  [3.32%] 5.f4 Bg7 6.Bb5+ Bd7 7.e5 Ng8: Nf3 54%, e6 19% of 3085 games
03:34:13 Me   [2.92%] 5.Bf4: Bg7 (Prac 58.3 d5; a6 51.7, Qa5 51.3, Qb6 54.4, Na6 46.3, Bg4 43.6; 9m00s, 135 requests)
03:34:13 Opp  [2.92%] 5.Bf4 Bg7: Qd2 37%, Nf3 26% of 55166 games
03:38:57 Me   [2.61%] 5.Bd3: Bg7 (Prac 51.3 d5; a6 50.5, Na6 46.3, Bg4 40.4, Nbd7 49.7; 4m40s, 70 requests)
03:38:57 Opp  [2.61%] 5.Bd3 Bg7: Nge2 25%, Nf3 25% of 10875 games
03:39:56 Me   [3.09%] 5.Nf3 Bg7 6.Bd3: O-O (Prac 49.1 d1; a6 49.0, Na6 47.9, Nfd7 40.7, Qb6 41.5, Bg4 45.7; 0m55s, 13 requests)
03:39:56 Opp  [3.09%] 5.Nf3 Bg7 6.Bd3 O-O: O-O 59% of 18013 games
03:40:09 Me   [2.22%] 5.Bg5 a6 6.Bxf6: exf6 (Prac 57.3 d1; 0m12s, 1 requests)
03:40:09 Opp  [2.22%] 5.Bg5 a6 6.Bxf6 exf6: Nf3 26% of 251 games
03:45:18 Me   [2.14%] 5.Nf3 Bg7 6.h3 O-O 7.Be2: b5 (Prac 56.8 d5; e6 50.0, Na6 49.6, a5 38.4, a6 54.6, Nbd7 46.3; 5m09s, 75 requests)
03:45:18 Opp  [2.14%] 5.Nf3 Bg7 6.h3 O-O 7.Be2 b5: Bxb5 69% of 2965 games
03:47:10 Me   [2.09%] 5.Bb5+ Bd7 6.a4 Bg7 7.Nf3 Bxb5 8.axb5 Nbd7 9.O-O O-O 10.h3: a6 (Prac 50.5 d3; Ne8 49.1, Nb6 48.7, Qc7 45.6, Qb6 49.0; 1m48s, 27 requests)
03:47:10 Opp  [2.09%] 5.Bb5+ Bd7 6.a4 Bg7 7.Nf3 Bxb5 8.axb5 Nbd7 9.O-O O-O 10.h3 a6: bxa6 72% of 906 games
03:50:58 Me   [2.08%] 5.Nf3 Bg7 6.Bc4: O-O (Prac 49.5 d5; Na6 48.8, a6 49.0, e5 37.3, Qa5 47.7, b5 32.1; 3m44s, 56 requests)
03:50:58 Opp  [2.08%] 5.Nf3 Bg7 6.Bc4 O-O: O-O 80% of 17595 games
03:52:06 Me   [1.95%] 5.f4 Bg7 6.Nf3 O-O 7.Be2 b5 8.Bxb5: Nxe4 (Prac 64.6 d3; Qa5 62.2, Qb6 42.5; 1m04s, 16 requests)
03:52:06 Opp  [1.95%] 5.f4 Bg7 6.Nf3 O-O 7.Be2 b5 8.Bxb5 Nxe4: Nxe4 84% of 6970 games
03:57:22 Me   [1.94%] 5.f3 Bg7 6.Be3: O-O (Prac 55.5 d5; a6 53.3, Qa5 53.1, h5 52.0, Qb6 51.2; 5m12s, 78 requests)
03:57:22 Opp  [1.94%] 5.f3 Bg7 6.Be3 O-O: Qd2 89% of 11361 games
03:58:10 Me   [1.91%] 5.Nf3 Bg7 6.Be2 O-O 7.O-O e6 8.Nd2: exd5 (Prac 50.2 d3; a6 48.9, Re8 49.0, Na6 48.6; 0m44s, 11 requests)
03:58:10 Opp  [1.91%] 5.Nf3 Bg7 6.Be2 O-O 7.O-O e6 8.Nd2 exd5: exd5 99% of 4745 games
03:59:30 Me   [1.90%] 5.Nf3 Bg7 6.Be2 O-O 7.O-O e6 8.Nd2 exd5 9.exd5: Nbd7 (Prac 50.7 d3; a6 48.5, Re8 49.7, Na6 49.7, b6 48.8; 1m16s, 19 requests)
03:59:30 Opp  [1.90%] 5.Nf3 Bg7 6.Be2 O-O 7.O-O e6 8.Nd2 exd5 9.exd5 Nbd7: Nc4 67% of 1644 games
04:03:05 Me   [1.84%] 5.Nf3 Bg7 6.Bd3 O-O 7.O-O: e6 (Prac 50.2 d3; a6 51.1, Na6 49.2, Qc7 45.0, Bg4 45.8, Nbd7 47.1; 3m31s, 125 requests)
04:03:05 Opp  [1.84%] 5.Nf3 Bg7 6.Bd3 O-O 7.O-O e6: Bg5 33% of 4798 games
04:04:18 Me   [1.79%] 5.f4 Bg7 6.Bb5+ Bd7 7.e5 Ng8 8.Nf3: Nh6!? (Prac 56.3 d3; Bxb5 48.5, Qa5 42.9, a6 44.2; 1m12s, 18 requests)
04:04:18 Opp  [1.79%] 5.f4 Bg7 6.Bb5+ Bd7 7.e5 Ng8 8.Nf3 Nh6: O-O 29% of 868 games
04:10:14 Me   [1.73%] 5.f3 Bg7 6.Be3 O-O 7.Qd2: e6 (Prac 57.0 d5; Qa5 51.9, Nbd7 53.5, b5 47.7, Ne8 37.0, a6 52.0; 5m52s, 88 requests)
04:10:14 Opp  [1.73%] 5.f3 Bg7 6.Be3 O-O 7.Qd2 e6: O-O-O 42% of 5702 games
04:11:30 Me   [1.72%] 5.f4 Bg7 6.e5 Nfd7 7.e6: fxe6 (Prac 61.2 d5; Bxc3+ 55.0, Nf6 45.3; 1m12s, 18 requests)
04:11:30 Opp  [1.72%] 5.f4 Bg7 6.e5 Nfd7 7.e6 fxe6: dxe6 95% of 1621 games
04:15:34 Me   [1.70%] 5.Nf3 Bg7 6.h3 O-O 7.Bd3: e6 (Prac 51.2 d5; a6 50.5, Na6 49.9, c4 36.1, h5 37.6, b5 48.4; 4m00s, 60 requests)
04:15:34 Opp  [1.70%] 5.Nf3 Bg7 6.h3 O-O 7.Bd3 e6: O-O 60% of 6651 games
04:23:30 Me   [1.66%] 5.Nf3 Bg7 6.Bc4 O-O 7.O-O: Na6 (Prac 48.9 d5; Bg4 48.0, h6 43.7, Nbd7 48.9, a6 48.2, e6 46.9; 7m52s, 118 requests)
04:23:30 Opp  [1.66%] 5.Nf3 Bg7 6.Bc4 O-O 7.O-O Na6: h3 35% of 2667 games
04:24:06 Me   [1.64%] 5.f4 Bg7 6.e5 Nfd7 7.e6 fxe6 8.dxe6: Nf6 (Prac 61.2 d3; Nf8 58.2, Bxc3+ 55.0, Nb6 55.0; 0m32s, 8 requests)
04:24:06 Opp  [1.64%] 5.f4 Bg7 6.e5 Nfd7 7.e6 fxe6 8.dxe6 Nf6: Bb5+ 40%, Bc4 34% of 1278 games
04:24:34 Me   [1.63%] 5.f4 Bg7 6.Nf3 O-O 7.Be2 b5 8.Bxb5 Nxe4 9.Nxe4: Qa5+ (Prac 65.0 d3; 0m24s, 6 requests)
04:24:34 Opp  [1.63%] 5.f4 Bg7 6.Nf3 O-O 7.Be2 b5 8.Bxb5 Nxe4 9.Nxe4 Qa5+: Nc3 54% of 5823 games
04:26:18 Me   [1.61%] 5.Nf3 Bg7 6.Be2 O-O 7.O-O e6 8.Bg5: h6 (Prac 49.9 d3; exd5 48.2, a6 48.8, e5 39.2, Qb6 46.7; 1m40s, 25 requests)
04:26:18 Opp  [1.61%] 5.Nf3 Bg7 6.Be2 O-O 7.O-O e6 8.Bg5 h6: Bh4 74% of 1063 games
04:31:56 Me   [1.51%] 5.Nf3 Bg7 6.Bg5: O-O (Prac 56.2 d3; h6 50.1, Na6 47.8, b6 43.2, Bg4 47.6, Nbd7 50.3; 5m34s, 83 requests)
04:31:56 Opp  [1.51%] 5.Nf3 Bg7 6.Bg5 O-O: Qd2 30% of 15263 games
04:32:50 Me   [1.50%] 5.Bb5+ Bd7 6.a4 Bg7 7.Nf3 Bxb5 8.axb5 Nbd7 9.O-O O-O 10.h3 a6 11.bxa6: Rxa6 (Prac 49.6 d3; Qb6 49.9, bxa6 45.7; 0m52s, 13 requests)
04:32:50 Opp  [1.50%] 5.Bb5+ Bd7 6.a4 Bg7 7.Nf3 Bxb5 8.axb5 Nbd7 9.O-O O-O 10.h3 a6 11.bxa6 Rxa6: Rxa6 97% of 477 games
04:34:02 Me   [1.49%] 5.Nf3 Bg7 6.Be2 O-O 7.O-O e6 8.h3: exd5 (Prac 49.9 d3; Na6 48.0, h6 46.3, e5 42.0; 1m08s, 17 requests)
04:34:02 Opp  [1.49%] 5.Nf3 Bg7 6.Be2 O-O 7.O-O e6 8.h3 exd5: exd5 98% of 5446 games
04:34:50 Me   [1.48%] 5.Nf3 Bg7 6.h3 O-O 7.Be2 b5 8.Bxb5: Nxe4 (Prac 56.2 d3; Qa5 52.9, Ba6 39.0; 0m44s, 11 requests)
04:34:50 Opp  [1.48%] 5.Nf3 Bg7 6.h3 O-O 7.Be2 b5 8.Bxb5 Nxe4: Nxe4 83% of 3201 games
04:35:14 Me   [1.46%] 5.Bb5+ Bd7 6.a4 Bg7 7.Nf3 Bxb5 8.axb5 Nbd7 9.O-O O-O 10.h3 a6 11.bxa6 Rxa6 12.Rxa6: bxa6 (Prac 49.4 d3; 0m20s, 5 requests)
04:35:14 Opp  [1.46%] 5.Bb5+ Bd7 6.a4 Bg7 7.Nf3 Bxb5 8.axb5 Nbd7 9.O-O O-O 10.h3 a6 11.bxa6 Rxa6 12.Rxa6 bxa6: Qe2 43% of 477 games
04:37:26 Me   [1.45%] 5.Nf3 Bg7 6.Be2 O-O 7.O-O e6 8.h3 exd5 9.exd5: Na6 (Prac 50.7 d3; Re8 49.5, b6 48.1, Nfd7 37.4, a6 46.9, Nbd7 47.9; 2m08s, 32 requests)
04:37:26 Opp  [1.45%] 5.Nf3 Bg7 6.Be2 O-O 7.O-O e6 8.h3 exd5 9.exd5 Na6: Bf4 53% of 1284 games
04:38:02 Me   [1.43%] 5.Nf3 Bg7 6.Be2 O-O 7.O-O e6 8.dxe6: Bxe6 (Prac 50.1 d3; fxe6 46.3; 0m32s, 8 requests)
04:38:02 Opp  [1.43%] 5.Nf3 Bg7 6.Be2 O-O 7.O-O e6 8.dxe6 Bxe6: Bf4 39% of 2132 games
04:42:06 Me   [1.39%] 5.Bb5+ Bd7 6.Bxd7+: Nbxd7 (Prac 52.7 d5; Qxd7 49.7, Nfxd7 46.6; 4m00s, 60 requests)
04:42:06 Opp  [1.39%] 5.Bb5+ Bd7 6.Bxd7+ Nbxd7: Nf3 46% of 3070 games
04:45:34 Me   [1.37%] 5.Bg5 a6 6.Qd2: Nbd7 (Prac 53.1 d5; h6 50.0, b5 50.0, Bg7 52.8, h5 40.5; 3m24s, 51 requests)
04:45:34 Opp  [1.37%] 5.Bg5 a6 6.Qd2 Nbd7: a4 52% of 108 games
04:50:46 Me   [1.29%] 5.f4 Bg7 6.Nf3 O-O 7.e5: Nfd7 (Prac 57.5 d5; Ne8 57.2, dxe5 55.7, Nh5 47.6; 5m08s, 77 requests)
04:50:46 Opp  [1.29%] 5.f4 Bg7 6.Nf3 O-O 7.e5 Nfd7: e6 44% of 1276 games
04:51:38 Me   [1.27%] 5.Nf3 Bg7 6.Be2 O-O 7.O-O e6 8.Nd2 exd5 9.exd5 Nbd7 10.Nc4: Nb6 (Prac 50.7 d3; Ne8 47.4, Ne5 48.9; 0m48s, 12 requests)
04:51:38 Opp  [1.27%] 5.Nf3 Bg7 6.Be2 O-O 7.O-O e6 8.Nd2 exd5 9.exd5 Nbd7 10.Nc4 Nb6: Ne3 60% of 824 games
04:52:06 Me   [1.27%] 5.f4 Bg7 6.e5 Nfd7 7.exd6: O-O (Prac 55.0 d5; exd6 54.7, Nb6 48.8; 0m24s, 6 requests)
04:52:06 Opp  [1.27%] 5.f4 Bg7 6.e5 Nfd7 7.exd6 O-O: dxe7 82% of 111 games
04:59:50 Me   [1.26%] 5.f4 Bg7 6.Nf3 O-O 7.h3: b5!? (Prac 60.2 d5; e6 58.5, a6 58.4, Nbd7 57.1, Qb6 52.3, Na6 55.0; 7m40s, 115 requests)
04:59:50 Opp  [1.26%] 5.f4 Bg7 6.Nf3 O-O 7.h3 b5: Bxb5 63% of 2832 games
05:00:14 Me   [1.23%] 5.Nf3 Bg7 6.h3 O-O 7.Be2 b5 8.Bxb5 Nxe4 9.Nxe4: Qa5+ (Prac 57.6 d3; 0m20s, 5 requests)
05:00:14 Opp  [1.23%] 5.Nf3 Bg7 6.h3 O-O 7.Be2 b5 8.Bxb5 Nxe4 9.Nxe4 Qa5+: Nc3 58% of 2648 games
05:00:46 Me   [1.18%] 5.Nf3 Bg7 6.Be2 O-O 7.O-O e6 8.Bg5 h6 9.Bh4: exd5 (Prac 51.2 d3; g5 50.4, a6 48.6, Qb6 39.9; 0m28s, 7 requests)
05:00:46 Opp  [1.18%] 5.Nf3 Bg7 6.Be2 O-O 7.O-O e6 8.Bg5 h6 9.Bh4 exd5: exd5 59% of 199 games
05:04:50 Me   [1.12%] 5.Bg5 a6 6.Nf3: b5 (Prac 57.0 d5; h6 47.8, Bg7 54.2, Nbd7 52.3; 4m00s, 60 requests)
05:04:50 Opp  [1.12%] 5.Bg5 a6 6.Nf3 b5: Bxf6 27% of 150 games
05:14:10 Me   [1.08%] 5.Bf4 Bg7 6.Qd2: Qb6 (Prac 68.4 d5; Qa5 54.6, Nbd7 56.3, h5 51.0, O-O 54.4, a6 53.6; 9m16s, 139 requests)
05:14:10 Opp  [1.08%] 5.Bf4 Bg7 6.Qd2 Qb6: O-O-O 54% of 1052 games
05:22:26 Me   [1.06%] 5.Nf3 Bg7 6.h3 O-O 7.a4: e6 (Prac 50.7 d5; Na6 49.4, a6 50.4, Qa5 46.3, Nbd7 45.5, b6 47.1; 8m12s, 123 requests)
05:22:26 Opp  [1.06%] 5.Nf3 Bg7 6.h3 O-O 7.a4 e6: Be2 45% of 3379 games
05:26:42 Me   [1.05%] 5.Nf3 Bg7 6.Bb5+ Bd7 7.Bxd7+: Nbxd7 (Prac 51.7 d5; Qxd7 50.1, Nfxd7 45.4; 4m12s, 63 requests)
05:26:42 Opp  [1.05%] 5.Nf3 Bg7 6.Bb5+ Bd7 7.Bxd7+ Nbxd7: O-O 76% of 7283 games
05:26:46 Me   [1.04%] 5.f4 Bg7 6.e5 Nfd7 7.exd6 O-O 8.dxe7: Qxe7+ (Prac 53.6 d3; Bxc3+ 48.6; 0m00s, 0 requests)
05:26:46 Opp  [1.04%] 5.f4 Bg7 6.e5 Nfd7 7.exd6 O-O 8.dxe7 Qxe7+: Be2 81% of 89 games
05:28:06 Me   [1.02%] 5.Nf3 Bg7 6.h3 O-O 7.Bd3 e6 8.O-O: exd5 (Prac 50.0 d3; a6 48.3, Na6 48.0, Re8 47.1; 1m16s, 19 requests)
05:28:06 Opp  [1.02%] 5.Nf3 Bg7 6.h3 O-O 7.Bd3 e6 8.O-O exd5: exd5 84% of 4193 games
05:30:02 Me   [0.99%] 5.Bg5 a6 6.a4: Bg7 (Prac 50.9 d5; Qa5 44.4, h6 43.8, Nbd7 50.2; 1m52s, 28 requests)
05:30:02 Opp  [0.99%] 5.Bg5 a6 6.a4 Bg7: Qd2 45% of 1558 games
05:30:30 Me   [0.98%] 5.f4 Bg7 6.Nf3 O-O 7.Be2 b5 8.e5: dxe5 (Prac 54.5 d3; Ne8 45.9, Nfd7 49.6; 0m24s, 6 requests)
05:30:30 Opp  [0.98%] 5.f4 Bg7 6.Nf3 O-O 7.Be2 b5 8.e5 dxe5: fxe5 99% of 1498 games
05:31:02 Me   [0.97%] 5.f4 Bg7 6.Nf3 O-O 7.Be2 b5 8.e5 dxe5 9.fxe5: Ng4 (Prac 54.9 d3; Nfd7 46.4; 0m28s, 7 requests)
05:31:02 Opp  [0.97%] 5.f4 Bg7 6.Nf3 O-O 7.Be2 b5 8.e5 dxe5 9.fxe5 Ng4: Bf4 63% of 1437 games
05:31:10 Me   [0.89%] 5.f4 Bg7 6.Nf3 O-O 7.Be2 b5 8.Bxb5 Nxe4 9.Nxe4 Qa5+ 10.Nc3: Bxc3+ (Prac 70.3 d3; 0m04s, 1 requests)
05:31:10 Opp  [0.89%] 5.f4 Bg7 6.Nf3 O-O 7.Be2 b5 8.Bxb5 Nxe4 9.Nxe4 Qa5+ 10.Nc3 Bxc3+: bxc3 100% of 3160 games
05:31:46 Me   [0.88%] 5.f4 Bg7 6.Nf3 O-O 7.Be2 b5 8.Bxb5 Nxe4 9.Nxe4 Qa5+ 10.Nc3 Bxc3+ 11.bxc3: Qxb5 (Prac 70.7 d3; 0m32s, 8 requests)
05:31:46 Opp  [0.88%] 5.f4 Bg7 6.Nf3 O-O 7.Be2 b5 8.Bxb5 Nxe4 9.Nxe4 Qa5+ 10.Nc3 Bxc3+ 11.bxc3 Qxb5: Qd3 40% of 3137 games
05:33:34 Me   [0.86%] 5.Nf3 Bg7 6.h3 O-O 7.Bd3 e6 8.O-O exd5 9.exd5: Na6 (Prac 51.2 d3; a6 49.0, Nbd7 50.8, h6 45.8, Re8 47.3; 1m44s, 26 requests)
05:33:34 Opp  [0.86%] 5.Nf3 Bg7 6.h3 O-O 7.Bd3 e6 8.O-O exd5 9.exd5 Na6: a3 32% of 1010 games
05:33:58 Me   [0.84%] 5.f4 Bg7 6.e5 Nfd7 7.exd6 O-O 8.dxe7 Qxe7+ 9.Be2: Nb6 (Prac 51.7 few games; Rd8 51.6, Nf6 49.3, Re8 48.6, a6 47.4, Qh4+ 48.3; 0m20s, 5 requests)
05:33:58 Opp  [0.84%] 5.f4 Bg7 6.e5 Nfd7 7.exd6 O-O 8.dxe7 Qxe7+ 9.Be2 Nb6: Nf3 75% of 16 games
05:34:30 Me   [0.80%] 5.Nf3 Bg7 6.Bb5+ Bd7 7.Bxd7+ Nbxd7 8.O-O: O-O (Prac 52.6 d3; a6 51.3, Qc7 46.5, Rb8 44.3; 0m28s, 7 requests)
05:34:30 Opp  [0.80%] 5.Nf3 Bg7 6.Bb5+ Bd7 7.Bxd7+ Nbxd7 8.O-O O-O: Re1 33% of 5607 games
05:35:18 Me   [0.79%] 5.f4 Bg7 6.Nf3 O-O 7.h3 b5 8.Bxb5: Nxe4 (Prac 58.6 d3; Qa5 58.3, Ba6 39.2; 0m44s, 11 requests)
05:35:18 Opp  [0.79%] 5.f4 Bg7 6.Nf3 O-O 7.h3 b5 8.Bxb5 Nxe4: Nxe4 84% of 1432 games
05:36:46 Me   [0.77%] 5.Nf3 Bg7 6.Be2 O-O 7.O-O e6 8.h3 exd5 9.exd5 Na6 10.Bf4: Nc7 (Prac 52.0 d3; Re8 50.4, b6 47.4, Bf5 46.5; 1m24s, 21 requests)
05:36:46 Opp  [0.77%] 5.Nf3 Bg7 6.Be2 O-O 7.O-O e6 8.h3 exd5 9.exd5 Na6 10.Bf4 Nc7: a4 72% of 775 games
05:37:18 Me   [0.76%] 5.Nf3 Bg7 6.Be2 O-O 7.O-O e6 8.Nd2 exd5 9.exd5 Nbd7 10.Nc4 Nb6 11.Ne3: Re8 (Prac 50.5 d3; Bd7 49.7, a5 49.1, a6 48.6, Ne8 48.3; 0m28s, 7 requests)
05:37:18 Opp  [0.76%] 5.Nf3 Bg7 6.Be2 O-O 7.O-O e6 8.Nd2 exd5 9.exd5 Nbd7 10.Nc4 Nb6 11.Ne3 Re8: a4 81% of 328 games
05:44:10 Me   [0.75%] 5.Bf4 Bg7 6.Nf3: O-O (Prac 57.2 d5; a6 52.1, Bg4 48.2, h5 36.9, Qb6 54.6, Qa5 52.6; 6m48s, 102 requests)
05:44:10 Opp  [0.75%] 5.Bf4 Bg7 6.Nf3 O-O: Be2 26% of 18241 games
05:50:30 Me   [0.74%] 5.Be2 Bg7 6.h4: O-O (Prac 56.7 d5; h5 48.9, h6 48.6, Bd7 45.5, a6 46.7, Qa5 47.8; 6m16s, 94 requests)
05:50:30 Opp  [0.74%] 5.Be2 Bg7 6.h4 O-O: h5 96% of 1703 games
05:50:58 Me   [0.72%] 5.f3 Bg7 6.Be3 O-O 7.Qd2 e6 8.O-O-O: exd5 (Prac 55.6 d3; Qa5 39.2, e5 37.5; 0m24s, 6 requests)
05:50:58 Opp  [0.72%] 5.f3 Bg7 6.Be3 O-O 7.Qd2 e6 8.O-O-O exd5: Nxd5 53% of 2158 games
05:54:14 Me   [0.72%] 5.Be2 Bg7 6.h4 O-O 7.h5: b5 (Prac 57.9 d5; Na6 45.3, a6 46.9; 3m12s, 48 requests)
05:54:14 Opp  [0.72%] 5.Be2 Bg7 6.h4 O-O 7.h5 b5: hxg6 62% of 948 games
05:56:54 Me   [0.71%] 5.Bg5 a6 6.Qd2 Nbd7 7.a4: Bg7 (Prac 54.4 d5; h6 51.4, Qa5 48.7; 2m36s, 39 requests)
05:56:54 Opp  [0.71%] 5.Bg5 a6 6.Qd2 Nbd7 7.a4 Bg7: Bh6 32% of 530 games
05:59:18 Me   [0.71%] 5.Nf3 Bg7 6.h3 O-O 7.Bc4: b5 (Prac 56.1 d5; Na6 49.1, Nbd7 51.9, Bd7 48.0, e6 48.6, a6 49.4; 2m20s, 35 requests)
05:59:18 Opp  [0.71%] 5.Nf3 Bg7 6.h3 O-O 7.Bc4 b5: Bxb5 82% of 1357 games
05:59:26 Me   [0.71%] 5.Nf3 Bg7 6.h3 O-O 7.Be2 b5 8.Bxb5 Nxe4 9.Nxe4 Qa5+ 10.Nc3: Bxc3+ (Prac 59.0 d3; 0m04s, 1 requests)
05:59:26 Opp  [0.71%] 5.Nf3 Bg7 6.h3 O-O 7.Be2 b5 8.Bxb5 Nxe4 9.Nxe4 Qa5+ 10.Nc3 Bxc3+: bxc3 100% of 1528 games
05:59:54 Me   [0.71%] 5.Nf3 Bg7 6.h3 O-O 7.Be2 b5 8.Bxb5 Nxe4 9.Nxe4 Qa5+ 10.Nc3 Bxc3+ 11.bxc3: Qxb5 (Prac 65.4 d3; 0m24s, 6 requests)
05:59:54 Opp  [0.71%] 5.Nf3 Bg7 6.h3 O-O 7.Be2 b5 8.Bxb5 Nxe4 9.Nxe4 Qa5+ 10.Nc3 Bxc3+ 11.bxc3 Qxb5: Bh6 45% of 1518 games
06:01:58 Me   [0.70%] 5.Nf3 Bg7 6.Be2 O-O 7.O-O e6 8.Bg5 h6 9.Bh4 exd5 10.exd5: g5 (Prac 52.8 d3; a6 51.3, Na6 49.5, Qb6 46.3, Re8 48.8, Nbd7 51.0; 2m00s, 30 requests)
06:01:58 Opp  [0.70%] 5.Nf3 Bg7 6.Be2 O-O 7.O-O e6 8.Bg5 h6 9.Bh4 exd5 10.exd5 g5: Bg3 97% of 228 games
06:03:42 Me   [0.68%] 5.Nf3 Bg7 6.Be2 O-O 7.O-O e6 8.Bg5 h6 9.Bh4 exd5 10.exd5 g5 11.Bg3: Nh5 (Prac 52.7 d3; a6 51.3, Na6 46.1, Bf5 44.5; 1m40s, 25 requests)
06:03:42 Opp  [0.68%] 5.Nf3 Bg7 6.Be2 O-O 7.O-O e6 8.Bg5 h6 9.Bh4 exd5 10.exd5 g5 11.Bg3 Nh5: Nd2 39% of 184 games
06:04:02 Me   [0.67%] 5.f4 Bg7 6.Nf3 O-O 7.Bd3 Qb6 8.Na4: Qa5+ (Prac 72.4 d3; Qb4+ 59.5; 0m16s, 4 requests)
06:04:02 Opp  [0.67%] 5.f4 Bg7 6.Nf3 O-O 7.Bd3 Qb6 8.Na4 Qa5+: c3 70% of 61 games
06:04:30 Me   [0.67%] 5.f4 Bg7 6.Nf3 O-O 7.h3 b5 8.Bxb5 Nxe4 9.Nxe4: Qa5+ (Prac 62.0 d3; 0m24s, 6 requests)
06:04:30 Opp  [0.67%] 5.f4 Bg7 6.Nf3 O-O 7.h3 b5 8.Bxb5 Nxe4 9.Nxe4 Qa5+: Nc3 52% of 1208 games
06:10:02 Me   [0.67%] 5.Bd3 Bg7 6.Nge2: a6 (Prac 54.8 d5; O-O 50.0, Na6 48.5, Qc7 44.1, Nbd7 54.3; 5m28s, 82 requests)
06:10:02 Opp  [0.67%] 5.Bd3 Bg7 6.Nge2 a6: a4 49% of 492 games
06:10:50 Me   [0.66%] 5.f4 Bg7 6.e5 Nfd7 7.e6 fxe6 8.dxe6 Nf6 9.Bb5+: Nc6 (Prac 68.7 d3; Kf8 54.9; 0m44s, 11 requests)
06:10:50 Opp  [0.66%] 5.f4 Bg7 6.e5 Nfd7 7.e6 fxe6 8.dxe6 Nf6 9.Bb5+ Nc6: Qe2 46% of 461 games
06:11:18 Me   [0.64%] 5.f4 Bg7 6.Bb5+ Bd7 7.e5 Ng8 8.e6: Bxc3+ (Prac 80.7 few games; fxe6 79.0, Bxb5 63.1; 0m24s, 6 requests)
06:11:18 Opp  [0.64%] 5.f4 Bg7 6.Bb5+ Bd7 7.e5 Ng8 8.e6 Bxc3+: bxc3 100% of 35 games
06:11:26 Me   [0.64%] 5.f4 Bg7 6.Bb5+ Bd7 7.e5 Ng8 8.e6 Bxc3+ 9.bxc3: Bxb5 (Prac 80.7 few games; 0m03s, 1 requests)
06:11:26 Opp  [0.64%] 5.f4 Bg7 6.Bb5+ Bd7 7.e5 Ng8 8.e6 Bxc3+ 9.bxc3 Bxb5: exf7+ 89% of 35 games
06:13:26 Me   [0.64%] 5.Bb5+ Bd7 6.Bxd7+ Nbxd7 7.Nf3: b5 (Prac 55.0 d5; a6 50.8, Bg7 51.7; 1m56s, 29 requests)
06:13:26 Opp  [0.64%] 5.Bb5+ Bd7 6.Bxd7+ Nbxd7 7.Nf3 b5: Nxb5 34% of 50 games
06:13:54 Me   [0.63%] 5.f4 Bg7 6.e5 Nfd7 7.exd6 O-O 8.dxe7 Qxe7+ 9.Be2 Nb6 10.Nf3: Rd8 (Prac 51.7 few games; Nc6 50.0, Bf5 49.6, Re8 48.6, Bxc3+ 48.3, Na6 43.9; 0m24s, 6 requests)
06:14:30 Me   [0.62%] 5.Bb5+ Bd7 6.a4 Bg7 7.Nf3 Bxb5 8.axb5 Nbd7 9.O-O O-O 10.h3 a6 11.bxa6 Rxa6 12.Rxa6 bxa6 13.Qe2: Qa5 (Prac 48.7 few games; Qc8 47.1, Qa8 47.1, Qb6 48.8; 0m32s, 8 requests)
06:14:30 Opp  [0.62%] 5.Bb5+ Bd7 6.a4 Bg7 7.Nf3 Bxb5 8.axb5 Nbd7 9.O-O O-O 10.h3 a6 11.bxa6 Rxa6 12.Rxa6 bxa6 13.Qe2 Qa5: Bd2 71% of 24 games
06:15:38 Me   [0.61%] 5.Nf3 Bg7 6.Be2 O-O 7.O-O e6 8.Nd2 exd5 9.exd5 Nbd7 10.Nc4 Nb6 11.Ne3 Re8 12.a4: Ne4 (Prac 51.5 d3; a5 50.0, Nbd7 47.6, a6 47.0; 1m04s, 16 requests)
06:15:38 Opp  [0.61%] 5.Nf3 Bg7 6.Be2 O-O 7.O-O e6 8.Nd2 exd5 9.exd5 Nbd7 10.Nc4 Nb6 11.Ne3 Re8 12.a4 Ne4: Nxe4 93% of 137 games
06:19:58 Me   [0.61%] 5.Be2 Bg7 6.g4: O-O (Prac 51.2 d5; h6 50.0, Na6 48.0, e6 48.6, h5 44.9, a6 47.3; 4m16s, 64 requests)
06:19:58 Opp  [0.61%] 5.Be2 Bg7 6.g4 O-O: g5 82% of 2000 games
06:20:50 Me   [0.61%] 5.f4 Bg7 6.Nf3 O-O 7.Be2 b5 8.e5 dxe5 9.fxe5 Ng4 10.Bf4: b4 (Prac 69.1 d3; Nd7 62.5, a6 34.8; 0m48s, 12 requests)
06:20:50 Opp  [0.61%] 5.f4 Bg7 6.Nf3 O-O 7.Be2 b5 8.e5 dxe5 9.fxe5 Ng4 10.Bf4 b4: Ne4 94% of 665 games
06:22:30 Me   [0.61%] 5.Nf3 Bg7 6.Bd3 O-O 7.O-O e6 8.Bg5: h6 (Prac 49.8 d3; a6 49.4, exd5 47.7, Qb6 47.3; 1m36s, 24 requests)
06:22:30 Opp  [0.61%] 5.Nf3 Bg7 6.Bd3 O-O 7.O-O e6 8.Bg5 h6: Bh4 67% of 625 games
06:23:46 Me   [0.60%] 5.Bg5 a6 6.f4: Bg7 (Prac 53.8 d5; Qa5 50.0, h6 49.8, Nbd7 52.0, b5 49.4; 1m12s, 18 requests)
06:23:46 Opp  [0.60%] 5.Bg5 a6 6.f4 Bg7: Nf3 31% of 193 games
06:24:50 Me   [0.59%] 5.Bf4 Bg7 6.Qd2 Qb6 7.O-O-O: Nxe4 (Prac 77.5 d5; h5 42.9, Nbd7 67.0; 1m00s, 15 requests)
06:24:50 Opp  [0.59%] 5.Bf4 Bg7 6.Qd2 Qb6 7.O-O-O Nxe4: Qe3 34% of 251 games
06:25:14 Me   [0.59%] 5.f4 Bg7 6.Nf3 O-O 7.Bd3 Qb6 8.Qe2: e6 (Prac 51.9 few games; Bg4 48.8, Bd7 42.5, Nbd7 43.3, a6 46.3; 0m20s, 5 requests)
06:25:14 Opp  [0.59%] 5.f4 Bg7 6.Nf3 O-O 7.Bd3 Qb6 8.Qe2 e6: dxe6 57% of 21 games
06:25:54 Me   [0.59%] 5.Nf3 Bg7 6.Bc4 O-O 7.O-O Na6 8.h3: Nc7 (Prac 48.9 d3; Nd7 40.6, Rb8 43.9; 0m36s, 9 requests)
06:25:54 Opp  [0.59%] 5.Nf3 Bg7 6.Bc4 O-O 7.O-O Na6 8.h3 Nc7: a4 62% of 1912 games
06:26:54 Me   [0.58%] 5.f4 Bg7 6.Nf3 O-O 7.Be2 b5 8.e5 dxe5 9.fxe5 Ng4 10.Bf4 b4 11.Ne4: Nd7 (Prac 71.2 d3; Bb7 63.7, Bf5 49.3; 0m56s, 14 requests)
06:26:54 Opp  [0.58%] 5.f4 Bg7 6.Nf3 O-O 7.Be2 b5 8.e5 dxe5 9.fxe5 Ng4 10.Bf4 b4 11.Ne4 Nd7: e6 54% of 247 games
06:27:10 Me   [0.57%] 5.Nf3 Bg7 6.Be2 O-O 7.O-O e6 8.Nd2 exd5 9.exd5 Nbd7 10.Nc4 Nb6 11.Ne3 Re8 12.a4 Ne4 13.Nxe4: Rxe4 (Prac 51.0 d3; 0m12s, 3 requests)
06:27:10 Opp  [0.57%] 5.Nf3 Bg7 6.Be2 O-O 7.O-O e6 8.Nd2 exd5 9.exd5 Nbd7 10.Nc4 Nb6 11.Ne3 Re8 12.a4 Ne4 13.Nxe4 Rxe4: a5 55% of 128 games
06:29:58 Me   [0.57%] 5.Bg5 a6 6.Bxf6 exf6 7.Nf3: b5 (Prac 63.0 d5; Bg7 59.1, Bh6 52.1; 2m44s, 41 requests)
06:29:58 Opp  [0.57%] 5.Bg5 a6 6.Bxf6 exf6 7.Nf3 b5: Be2 40% of 134 games
06:30:14 Me   [0.57%] 5.f4 Bg7 6.Nf3 O-O 7.e5 Nfd7 8.e6: fxe6 (Prac 58.5 d3; Nf6 51.0; 0m12s, 3 requests)
06:30:14 Opp  [0.57%] 5.f4 Bg7 6.Nf3 O-O 7.e5 Nfd7 8.e6 fxe6: dxe6 81% of 520 games
06:30:22 Me   [0.57%] 5.f4 Bg7 6.Bb5+ Bd7 7.e5 Ng8 8.e6 Bxc3+ 9.bxc3 Bxb5 10.exf7+: Kxf7 (Prac 82.1 few games; 0m04s, 1 requests)
06:30:22 Opp  [0.57%] 5.f4 Bg7 6.Bb5+ Bd7 7.e5 Ng8 8.e6 Bxc3+ 9.bxc3 Bxb5 10.exf7+ Kxf7: Nf3 76% of 29 games
06:31:14 Me   [0.56%] 5.f4 Bg7 6.e5 Nfd7 7.e6 fxe6 8.dxe6 Nf6 9.Bc4: Nc6 (Prac 59.5 d3; O-O 58.8, a6 55.7; 0m48s, 12 requests)
06:31:14 Opp  [0.56%] 5.f4 Bg7 6.e5 Nfd7 7.e6 fxe6 8.dxe6 Nf6 9.Bc4 Nc6: Nf3 78% of 83 games
06:33:34 Me   [0.56%] 5.Nf3 Bg7 6.Be2 O-O 7.O-O e6 8.h3 exd5 9.exd5 Na6 10.Bf4 Nc7 11.a4: b6 (Prac 53.2 d3; Re8 52.8, h6 48.1, Bf5 47.1, a6 51.0, Rb8 50.1; 2m16s, 34 requests)
06:33:34 Opp  [0.56%] 5.Nf3 Bg7 6.Be2 O-O 7.O-O e6 8.h3 exd5 9.exd5 Na6 10.Bf4 Nc7 11.a4 b6: Re1 26% of 307 games
06:34:34 Me   [0.56%] 5.Nf3 Bg7 6.Be2 O-O 7.O-O e6 8.dxe6 Bxe6 9.Bf4: d5 (Prac 49.2 d3; Qb6 45.0, Ne8 46.5; 0m56s, 14 requests)
06:34:34 Opp  [0.56%] 5.Nf3 Bg7 6.Be2 O-O 7.O-O e6 8.dxe6 Bxe6 9.Bf4 d5: exd5 69% of 595 games
06:35:22 Me   [0.52%] 5.f4 Bg7 6.Bb5+ Bd7 7.e5 Ng8 8.Nf3 Nh6 9.O-O: Bxb5 (Prac 47.1 few games; O-O 46.1; 0m43s, 11 requests)
06:35:22 Opp  [0.52%] 5.f4 Bg7 6.Bb5+ Bd7 7.e5 Ng8 8.Nf3 Nh6 9.O-O Bxb5: Nxb5 100% of 26 games
06:35:34 Me   [0.52%] 5.f4 Bg7 6.Bb5+ Bd7 7.e5 Ng8 8.Nf3 Nh6 9.O-O Bxb5 10.Nxb5: O-O (Prac 47.0 few games; a6 38.1; 0m08s, 2 requests)
06:35:34 Opp  [0.52%] 5.f4 Bg7 6.Bb5+ Bd7 7.e5 Ng8 8.Nf3 Nh6 9.O-O Bxb5 10.Nxb5 O-O: c4 65% of 40 games
06:37:34 Me   [0.50%] 5.Be2 Bg7 6.g4 O-O 7.g5: Ne8 (Prac 52.4 d5; Nfd7 50.2, Nh5 42.4; 1m56s, 29 requests)
06:37:34 Opp  [0.50%] 5.Be2 Bg7 6.g4 O-O 7.g5 Ne8: h4 84% of 368 games
06:37:50 Me   [0.48%] 5.Nf3 Bg7 6.h3 O-O 7.a4 e6 8.Be2: exd5 (Prac 50.5 d3; Na6 49.9, Re8 50.0; 0m12s, 3 requests)
06:37:50 Opp  [0.48%] 5.Nf3 Bg7 6.h3 O-O 7.a4 e6 8.Be2 exd5: exd5 100% of 1642 games
06:38:54 Me   [0.48%] 5.Nf3 Bg7 6.h3 O-O 7.a4 e6 8.Be2 exd5 9.exd5: Na6 (Prac 51.1 d3; Re8 50.3, b6 48.9, h6 47.5, Bf5 47.3, Nbd7 48.0; 1m00s, 15 requests)
06:38:54 Opp  [0.48%] 5.Nf3 Bg7 6.h3 O-O 7.a4 e6 8.Be2 exd5 9.exd5 Na6: O-O 84% of 323 games
06:39:06 Me   [0.47%] 5.f4 Bg7 6.Nf3 O-O 7.Bd3 Qb6 8.Na4 Qa5+ 9.c3: b5 (Prac 73.6 few games; c4 70.1, Bd7 69.3; 0m08s, 2 requests)
06:39:06 Opp  [0.47%] 5.f4 Bg7 6.Nf3 O-O 7.Bd3 Qb6 8.Na4 Qa5+ 9.c3 b5: b4 56% of 27 games
06:39:38 Me   [0.46%] 5.f4 Bg7 6.Nf3 O-O 7.e5 Nfd7 8.e6 fxe6 9.dxe6: Nf6 (Prac 59.0 d3; Nb6 52.7; 0m27s, 7 requests)
06:39:38 Opp  [0.46%] 5.f4 Bg7 6.Nf3 O-O 7.e5 Nfd7 8.e6 fxe6 9.dxe6 Nf6: Bc4 66% of 325 games
06:48:22 Me   [0.46%] 5.Nf3 Bg7 6.Bg5 O-O 7.Qd2: Qb6 (Prac 66.2 d5; Bg4 50.9, a6 55.1, Bd7 50.0, Nbd7 52.3, e6 50.8; 8m39s, 130 requests)
06:48:22 Opp  [0.46%] 5.Nf3 Bg7 6.Bg5 O-O 7.Qd2 Qb6: O-O-O 48% of 426 games
06:48:58 Me   [0.45%] 5.Be2 Bg7 6.h4 O-O 7.h5 b5 8.hxg6: fxg6 (Prac 59.4 d3; b4 37.6, hxg6 47.9; 0m32s, 8 requests)
06:48:58 Opp  [0.45%] 5.Be2 Bg7 6.h4 O-O 7.h5 b5 8.hxg6 fxg6: Bxb5 45% of 354 games
06:49:22 Me   [0.44%] 5.Bb5+ Bd7 6.a4 Bg7 7.Nf3 Bxb5 8.axb5 Nbd7 9.O-O O-O 10.h3 a6 11.bxa6 Rxa6 12.Rxa6 bxa6 13.Qe2 Qa5 14.Bd2: Rb8 (Prac 48.5 few games; Ne8 48.3, Rc8 48.0, Qb6 46.6, Qb4 44.2; 0m20s, 5 requests)
06:49:22 Opp  [0.44%] 5.Bb5+ Bd7 6.a4 Bg7 7.Nf3 Bxb5 8.axb5 Nbd7 9.O-O O-O 10.h3 a6 11.bxa6 Rxa6 12.Rxa6 bxa6 13.Qe2 Qa5 14.Bd2 Rb8: b3 91% of 11 games
06:54:06 Me   [0.44%] 5.Bg5 a6 6.a4 Bg7 7.Qd2: Nbd7 (Prac 54.7 d5; Qa5 52.4, h6 52.5, h5 39.8, O-O 51.0; 4m40s, 70 requests)
06:54:34 Me   [0.44%] 5.f4 Bg7 6.e5 Nfd7 7.e6 fxe6 8.dxe6 Nf6 9.Bc4 Nc6 10.Nf3: O-O (Prac 60.6 d3; a6 50.4, Na5 51.1; 0m24s, 6 requests)
06:54:34 Opp  [0.44%] 5.f4 Bg7 6.e5 Nfd7 7.e6 fxe6 8.dxe6 Nf6 9.Bc4 Nc6 10.Nf3 O-O: O-O 63% of 227 games
06:54:58 Me   [0.43%] 5.f4 Bg7 6.Bb5+ Bd7 7.e5 Ng8 8.e6 Bxc3+ 9.bxc3 Bxb5 10.exf7+ Kxf7 11.Nf3: Bc4 (Prac 82.5 few games; Ke8 79.4, Qa5 78.5, h6 74.8, Nf6 77.6; 0m20s, 5 requests)
06:55:42 Me   [0.42%] 5.Be2 Bg7 6.g4 O-O 7.g5 Ne8 8.h4: e6 (Prac 52.2 d3; Nc7 46.9, Nd7 41.2, a6 44.3, f5 40.6; 0m40s, 10 requests)
06:55:42 Opp  [0.42%] 5.Be2 Bg7 6.g4 O-O 7.g5 Ne8 8.h4 e6: h5 77% of 631 games
06:56:10 Me   [0.41%] 5.Nf3 Bg7 6.Bd3 O-O 7.O-O e6 8.Bg5 h6 9.Bh4: exd5 (Prac 54.3 d3; g5 51.5, a6 48.3; 0m24s, 6 requests)
06:56:10 Opp  [0.41%] 5.Nf3 Bg7 6.Bd3 O-O 7.O-O e6 8.Bg5 h6 9.Bh4 exd5: Nxd5 67% of 110 games
06:56:30 Me   [0.40%] 5.Bb5+ Bd7 6.a4 Bg7 7.Nf3 Bxb5 8.axb5 Nbd7 9.O-O O-O 10.h3 a6 11.bxa6 Rxa6 12.Rxa6 bxa6 13.Qe2 Qa5 14.Bd2 Rb8 15.b3: Ne8 (Prac 48.4 few games; Nh5 46.3, h6 44.3, Qb4 43.0; 0m16s, 4 requests)
06:57:30 Me   [0.40%] 5.Nf3 Bg7 6.h3 O-O 7.a4 e6 8.Be2 exd5 9.exd5 Na6 10.O-O: Re8 (Prac 52.5 d3; Nb4 52.0, Nc7 51.3; 0m56s, 14 requests)
06:57:30 Opp  [0.40%] 5.Nf3 Bg7 6.h3 O-O 7.a4 e6 8.Be2 exd5 9.exd5 Na6 10.O-O Re8: Bf4 44% of 292 games
06:57:42 Me   [0.39%] 5.Nf3 Bg7 6.Be2 O-O 7.O-O e6 8.dxe6 Bxe6 9.Bf4 d5 10.exd5: Nxd5 (Prac 49.7 d3; 0m08s, 2 requests)
06:57:42 Opp  [0.39%] 5.Nf3 Bg7 6.Be2 O-O 7.O-O e6 8.dxe6 Bxe6 9.Bf4 d5 10.exd5 Nxd5: Nxd5 97% of 418 games
06:59:06 Me   [0.38%] 5.f3 Bg7 6.Be3 O-O 7.Qd2 e6 8.O-O-O exd5 9.Nxd5: Nxd5 (Prac 73.2 d3; Nc6 54.3, Be6 53.5; 1m19s, 20 requests)
06:59:06 Opp  [0.38%] 5.f3 Bg7 6.Be3 O-O 7.Qd2 e6 8.O-O-O exd5 9.Nxd5 Nxd5: Qxd5 72% of 887 games
06:59:42 Me   [0.37%] 5.Nf3 Bg7 6.Be2 O-O 7.O-O e6 8.dxe6 Bxe6 9.Bf4 d5 10.exd5 Nxd5 11.Nxd5: Bxd5 (Prac 49.5 d3; Qxd5 49.0; 0m32s, 8 requests)
06:59:42 Opp  [0.37%] 5.Nf3 Bg7 6.Be2 O-O 7.O-O e6 8.dxe6 Bxe6 9.Bf4 d5 10.exd5 Nxd5 11.Nxd5 Bxd5: c3 83% of 200 games
07:01:50 Me   [0.36%] 5.Nf3 Bg7 6.Bc4 O-O 7.O-O Na6 8.h3 Nc7 9.a4: e6 (Prac 48.8 d3; a6 47.2, b6 46.3, e5 43.5, Rb8 45.7, Bd7 44.7; 2m04s, 31 requests)
07:01:50 Opp  [0.36%] 5.Nf3 Bg7 6.Bc4 O-O 7.O-O Na6 8.h3 Nc7 9.a4 e6: dxe6 34% of 105 games
07:02:58 Me   [0.35%] 5.f4 Bg7 6.Nf3 O-O 7.Be2 b5 8.Bxb5 Nxe4 9.Nxe4 Qa5+ 10.Nc3 Bxc3+ 11.bxc3 Qxb5 12.Qd3: Ba6 (Prac 73.3 d3; Qa4 73.7, Qxd3 54.1, c4 64.2; 1m04s, 16 requests)
07:02:58 Opp  [0.35%] 5.f4 Bg7 6.Nf3 O-O 7.Be2 b5 8.Bxb5 Nxe4 9.Nxe4 Qa5+ 10.Nc3 Bxc3+ 11.bxc3 Qxb5 12.Qd3 Ba6: Qxb5 86% of 732 games
07:03:06 Me   [0.35%] 5.f4 Bg7 6.Nf3 O-O 7.h3 b5 8.Bxb5 Nxe4 9.Nxe4 Qa5+ 10.Nc3: Bxc3+ (Prac 66.2 d3; 0m04s, 1 requests)
07:03:06 Opp  [0.35%] 5.f4 Bg7 6.Nf3 O-O 7.h3 b5 8.Bxb5 Nxe4 9.Nxe4 Qa5+ 10.Nc3 Bxc3+: bxc3 100% of 626 games
07:03:46 Me   [0.35%] 5.f4 Bg7 6.Nf3 O-O 7.h3 b5 8.Bxb5 Nxe4 9.Nxe4 Qa5+ 10.Nc3 Bxc3+ 11.bxc3: Qxb5 (Prac 66.1 d3; 0m36s, 9 requests)
07:03:46 Opp  [0.35%] 5.f4 Bg7 6.Nf3 O-O 7.h3 b5 8.Bxb5 Nxe4 9.Nxe4 Qa5+ 10.Nc3 Bxc3+ 11.bxc3 Qxb5: Qd3 37% of 620 games
07:03:58 Me   [0.34%] 5.f4 Bg7 6.Bb5+ Bd7 7.e5 Ng8 8.Nf3 Nh6 9.O-O Bxb5 10.Nxb5 O-O 11.c4: a6 (Prac 47.5 few games; Nf5 41.1; 0m08s, 2 requests)
07:03:58 Opp  [0.34%] 5.f4 Bg7 6.Bb5+ Bd7 7.e5 Ng8 8.Nf3 Nh6 9.O-O Bxb5 10.Nxb5 O-O 11.c4 a6: Nc3 100% of 23 games
07:04:18 Me   [0.34%] 5.f4 Bg7 6.Bb5+ Bd7 7.e5 Ng8 8.Nf3 Nh6 9.O-O Bxb5 10.Nxb5 O-O 11.c4 a6 12.Nc3: Qc8 (Prac 47.4 few games; Nf5 43.3, b5 42.7, Nd7 38.9; 0m16s, 4 requests)
07:04:26 Me   [0.34%] 5.f4 Bg7 6.Nf3 O-O 7.Bd3 Qb6 8.Qe2 e6 9.dxe6: Bxe6 (Prac 54.6 few games; 0m04s, 1 requests)
07:06:52 Me   [0.32%] 5.Bd3 Bg7 6.Nge2 a6 7.a4: Nbd7 (Prac 51.8 d3; e6 46.8, O-O 49.7, Qc7 44.0; 2m22s, 35 requests)
07:06:52 Opp  [0.32%] 5.Bd3 Bg7 6.Nge2 a6 7.a4 Nbd7: O-O 62% of 181 games
07:07:46 Me   [0.32%] 5.Be2 Bg7 6.g4 O-O 7.g5 Ne8 8.h4 e6 9.h5: Nc7 (Prac 52.3 d3; Qe7 46.1, exd5 45.3; 0m52s, 13 requests)
07:07:46 Opp  [0.32%] 5.Be2 Bg7 6.g4 O-O 7.g5 Ne8 8.h4 e6 9.h5 Nc7: hxg6 46% of 65 games
07:08:22 Me   [0.31%] 5.Nf3 Bg7 6.h3 O-O 7.Be2 b5 8.Bxb5 Nxe4 9.Nxe4 Qa5+ 10.Nc3 Bxc3+ 11.bxc3 Qxb5 12.Bh6: Re8 (Prac 67.3 d3; Qc4 50.0, Rd8 49.9; 0m32s, 8 requests)
07:08:22 Opp  [0.31%] 5.Nf3 Bg7 6.h3 O-O 7.Be2 b5 8.Bxb5 Nxe4 9.Nxe4 Qa5+ 10.Nc3 Bxc3+ 11.bxc3 Qxb5 12.Bh6 Re8: Rb1 38% of 751 games
07:08:34 Me   [0.31%] 5.Nf3 Bg7 6.Be2 O-O 7.O-O e6 8.Nd2 exd5 9.exd5 Nbd7 10.Nc4 Nb6 11.Ne3 Re8 12.a4 Ne4 13.Nxe4 Rxe4 14.a5: Rd4 (Prac 49.9 few games; Nd7 47.4, Ra4 46.4; 0m08s, 2 requests)
07:08:34 Opp  [0.31%] 5.Nf3 Bg7 6.Be2 O-O 7.O-O e6 8.Nd2 exd5 9.exd5 Nbd7 10.Nc4 Nb6 11.Ne3 Re8 12.a4 Ne4 13.Nxe4 Rxe4 14.a5 Rd4: Qe1 57% of 23 games
07:08:58 Me   [0.31%] 5.f4 Bg7 6.Nf3 O-O 7.Be2 b5 8.e5 dxe5 9.fxe5 Ng4 10.Bf4 b4 11.Ne4 Nd7 12.e6: fxe6 (Prac 80.5 d3; 0m20s, 5 requests)
07:08:58 Opp  [0.31%] 5.f4 Bg7 6.Nf3 O-O 7.Be2 b5 8.e5 dxe5 9.fxe5 Ng4 10.Bf4 b4 11.Ne4 Nd7 12.e6 fxe6: dxe6 73% of 116 games
07:09:34 Me   [0.31%] 5.Nf3 Bg7 6.Be2 O-O 7.O-O e6 8.dxe6 Bxe6 9.Bf4 d5 10.exd5 Nxd5 11.Nxd5 Bxd5 12.c3: Re8 (Prac 48.8 few games; Nc6 49.0, Qd7 46.1; 0m32s, 8 requests)
07:10:06 Me   [0.31%] 5.f4 Bg7 6.Nf3 O-O 7.e5 Nfd7 8.e6 fxe6 9.dxe6 Nf6 10.Bc4: Nc6 (Prac 60.7 d3; Na6 52.6, b5 50.0, a6 57.0; 0m28s, 7 requests)
07:10:38 Me   [0.30%] 5.f4 Bg7 6.e5 Nfd7 7.e6 fxe6 8.dxe6 Nf6 9.Bb5+ Nc6 10.Qe2: O-O (Prac 69.0 d3; d5 64.2, Qb6 60.4, a6 55.6; 0m28s, 7 requests)
07:10:38 Opp  [0.30%] 5.f4 Bg7 6.e5 Nfd7 7.e6 fxe6 8.dxe6 Nf6 9.Bb5+ Nc6 10.Qe2 O-O: Nf3 48% of 200 games
07:11:02 Me   [0.30%] 5.f4 Bg7 6.Nf3 O-O 7.Be2 b5 8.Bxb5 Nxe4 9.Nxe4 Qa5+ 10.Nc3 Bxc3+ 11.bxc3 Qxb5 12.Qd3 Ba6 13.Qxb5: Bxb5 (Prac 73.5 d3; 0m20s, 5 requests)
07:11:02 Opp  [0.30%] 5.f4 Bg7 6.Nf3 O-O 7.Be2 b5 8.Bxb5 Nxe4 9.Nxe4 Qa5+ 10.Nc3 Bxc3+ 11.bxc3 Qxb5 12.Qd3 Ba6 13.Qxb5 Bxb5: Nd2 34% of 809 games
07:11:06 Me   [0.30%] 5.Bg5 a6 6.Nf3 b5 7.Bxf6: exf6 (Prac 63.0 d5; 0m00s, 0 requests)
07:11:42 Me   [0.28%] 5.Nf3 Bg7 6.h3 O-O 7.Bd3 e6 8.O-O exd5 9.exd5 Na6 10.a3: Nc7 (Prac 52.3 d3; b6 50.0, Re8 48.5; 0m32s, 8 requests)
07:11:42 Opp  [0.28%] 5.Nf3 Bg7 6.h3 O-O 7.Bd3 e6 8.O-O exd5 9.exd5 Na6 10.a3 Nc7: Bc4 44% of 331 games
07:12:30 Me   [0.28%] 5.f4 Bg7 6.e5 Nfd7 7.e6 fxe6 8.dxe6 Nf6 9.Bc4 Nc6 10.Nf3 O-O 11.O-O: Na5 (Prac 60.4 d3; b5 53.1, a6 56.9; 0m44s, 11 requests)
07:12:30 Opp  [0.28%] 5.f4 Bg7 6.e5 Nfd7 7.e6 fxe6 8.dxe6 Nf6 9.Bc4 Nc6 10.Nf3 O-O 11.O-O Na5: Bd5 64% of 61 games
07:12:58 Me   [0.27%] 5.Nf3 Bg7 6.Bd3 O-O 7.O-O e6 8.Bg5 h6 9.Bh4 exd5 10.Nxd5: g5 (Prac 56.3 d3; Nc6 45.5, Be6 45.2, Nbd7 44.3; 0m23s, 6 requests)
07:12:58 Opp  [0.27%] 5.Nf3 Bg7 6.Bd3 O-O 7.O-O e6 8.Bg5 h6 9.Bh4 exd5 10.Nxd5 g5: Bg3 52% of 90 games
07:14:14 Me   [0.27%] 5.f3 Bg7 6.Be3 O-O 7.Qd2 e6 8.O-O-O exd5 9.Nxd5 Nxd5 10.Qxd5: Nc6 (Prac 77.2 d3; Na6 55.6, Qa5 75.7, Be6 53.5; 1m12s, 18 requests)
07:14:14 Opp  [0.27%] 5.f3 Bg7 6.Be3 O-O 7.Qd2 e6 8.O-O-O exd5 9.Nxd5 Nxd5 10.Qxd5 Nc6: Qxd6 71% of 86 games
07:14:30 Me   [0.26%] 5.f4 Bg7 6.Nf3 O-O 7.Bd3 Qb6 8.Na4 Qa5+ 9.c3 b5 10.b4: cxb4 (Prac 82.9 few games; Qxa4 79.7, Qc7 75.2; 0m12s, 3 requests)
07:14:42 Me   [0.26%] 5.Nf3 Bg7 6.Be2 O-O 7.O-O e6 8.Bg5 h6 9.Bh4 exd5 10.exd5 g5 11.Bg3 Nh5 12.Nd2: Nxg3 (Prac 51.4 d3; 0m08s, 2 requests)
07:14:42 Opp  [0.26%] 5.Nf3 Bg7 6.Be2 O-O 7.O-O e6 8.Bg5 h6 9.Bh4 exd5 10.exd5 g5 11.Bg3 Nh5 12.Nd2 Nxg3: hxg3 78% of 78 games
07:17:22 Me   [0.26%] 5.Nf3 Bg7 6.Bb5+ Bd7 7.Bxd7+ Nbxd7 8.O-O O-O 9.Re1: a6 (Prac 51.7 d3; Re8 51.1, Qc7 46.9, Qb6 51.0, Nh5 45.5, Rb8 49.3; 2m36s, 39 requests)
07:17:22 Opp  [0.26%] 5.Nf3 Bg7 6.Bb5+ Bd7 7.Bxd7+ Nbxd7 8.O-O O-O 9.Re1 a6: a4 43% of 1266 games
07:17:26 Me   [0.23%] 5.Bg5 a6 6.Bxf6 exf6 7.Nf3 b5 8.Be2: Bg7 (Prac 63.4 d3; Ra7 60.4, Nd7 57.9; 0m00s, 0 requests)
07:17:26 Opp  [0.23%] 5.Bg5 a6 6.Bxf6 exf6 7.Nf3 b5 8.Be2 Bg7: O-O 80% of 61 games
07:17:46 Me   [0.23%] 5.Bg5 a6 6.Qd2 Nbd7 7.a4 Bg7 8.Bh6: Bxh6 (Prac 57.4 d3; O-O 49.9; 0m16s, 4 requests)
07:17:46 Opp  [0.23%] 5.Bg5 a6 6.Qd2 Nbd7 7.a4 Bg7 8.Bh6 Bxh6: Qxh6 100% of 164 games
07:19:18 Me   [0.23%] 5.Bg5 a6 6.Qd2 Nbd7 7.a4 Bg7 8.Bh6 Bxh6 9.Qxh6: Qb6 (Prac 57.4 d3; Qa5 54.1, b6 35.9, Ne5 48.5, Rb8 42.9; 1m28s, 22 requests)
07:19:34 Me   [0.23%] 5.f4 Bg7 6.Nf3 O-O 7.Be2 b5 8.e5 dxe5 9.fxe5 Ng4 10.Bf4 b4 11.Ne4 Nd7 12.e6 fxe6 13.dxe6: Rxf4 (Prac 80.5 d3; 0m12s, 3 requests)
07:19:34 Opp  [0.23%] 5.f4 Bg7 6.Nf3 O-O 7.Be2 b5 8.e5 dxe5 9.fxe5 Ng4 10.Bf4 b4 11.Ne4 Nd7 12.e6 fxe6 13.dxe6 Rxf4: exd7 90% of 72 games
07:19:46 Me   [0.22%] 5.Nf3 Bg7 6.Bg5 O-O 7.Qd2 Qb6 8.O-O-O: Nxe4 (Prac 79.6 d3; Bg4 41.6, a5 35.3; 0m08s, 2 requests)
07:19:46 Opp  [0.22%] 5.Nf3 Bg7 6.Bg5 O-O 7.Qd2 Qb6 8.O-O-O Nxe4: Qe3 53% of 96 games
07:19:50 Me   [0.22%] 5.Bb5+ Bd7 6.Bxd7+ Nbxd7 7.Nf3 b5 8.Nxb5: Qa5+ (Prac 57.1 few games; 0m00s, 0 requests)
07:20:02 Me   [0.21%] 5.f4 Bg7 6.Nf3 O-O 7.Be2 b5 8.e5 dxe5 9.fxe5 Ng4 10.Bf4 b4 11.Ne4 Nd7 12.e6 fxe6 13.dxe6 Rxf4 14.exd7: Qxd7 (Prac 79.3 few games; Bxd7 77.3, Rxe4 27.7; 0m08s, 2 requests)
07:20:02 Opp  [0.21%] 5.f4 Bg7 6.Nf3 O-O 7.Be2 b5 8.e5 dxe5 9.fxe5 Ng4 10.Bf4 b4 11.Ne4 Nd7 12.e6 fxe6 13.dxe6 Rxf4 14.exd7 Qxd7: Qxd7 71% of 34 games
07:20:26 Me   [0.20%] 5.Nf3 Bg7 6.Be2 O-O 7.O-O e6 8.Bg5 h6 9.Bh4 exd5 10.exd5 g5 11.Bg3 Nh5 12.Nd2 Nxg3 13.hxg3: Nd7 (Prac 51.3 few games; a6 50.1, Bxc3 46.4, Bf5 41.6, f5 46.3, Na6 45.7; 0m20s, 5 requests)
07:20:26 Opp  [0.20%] 5.Nf3 Bg7 6.Be2 O-O 7.O-O e6 8.Bg5 h6 9.Bh4 exd5 10.exd5 g5 11.Bg3 Nh5 12.Nd2 Nxg3 13.hxg3 Nd7: Nc4 60% of 25 games
07:21:02 Me   [0.20%] 5.Bd3 Bg7 6.Nge2 a6 7.a4 Nbd7 8.O-O: Ne5 (Prac 53.0 d3; Qc7 44.6, Rb8 44.6, O-O 51.1; 0m32s, 8 requests)
07:21:02 Opp  [0.20%] 5.Bd3 Bg7 6.Nge2 a6 7.a4 Nbd7 8.O-O Ne5: f4 63% of 62 games
07:21:26 Me   [0.20%] 5.Be2 Bg7 6.h4 O-O 7.h5 b5 8.hxg6 fxg6 9.Bxb5: Nxe4 (Prac 58.1 d3; Qa5 50.0; 0m20s, 5 requests)
07:21:26 Opp  [0.20%] 5.Be2 Bg7 6.h4 O-O 7.h5 b5 8.hxg6 fxg6 9.Bxb5 Nxe4: Nxe4 89% of 122 games
07:21:30 Me   [0.20%] 5.Bf4 Bg7 6.Qd2 Qb6 7.O-O-O Nxe4 8.Qe3: Nxc3 (Prac 74.1 d3; 0m00s, 0 requests)
07:21:30 Opp  [0.20%] 5.Bf4 Bg7 6.Qd2 Qb6 7.O-O-O Nxe4 8.Qe3 Nxc3: bxc3 99% of 83 games
07:28:18 Me   [0.20%] 5.Bf4 Bg7 6.Nf3 O-O 7.Be2: b5 (Prac 58.9 d5; Na6 49.8, Qa5 49.2, Re8 44.3, Nfd7 41.9, a6 50.1; 6m43s, 101 requests)
07:28:18 Opp  [0.20%] 5.Bf4 Bg7 6.Nf3 O-O 7.Be2 b5: Bxb5 73% of 1227 games
07:28:34 Me   [0.20%] 5.Bf4 Bg7 6.Qd2 Qb6 7.O-O-O Nxe4 8.Qe3 Nxc3 9.bxc3: Nd7 (Prac 74.1 few games; Qa5 74.0, Bf5 70.6, O-O 70.0; 0m12s, 3 requests)
07:28:42 Me   [0.19%] 5.f3 Bg7 6.Be3 O-O 7.Qd2 e6 8.O-O-O exd5 9.Nxd5 Nxd5 10.Qxd5 Nc6 11.Qxd6: Qb6 (Prac 79.8 few games; Qa5 48.5; 0m04s, 1 requests)
07:28:42 Opp  [0.19%] 5.f3 Bg7 6.Be3 O-O 7.Qd2 e6 8.O-O-O exd5 9.Nxd5 Nxd5 10.Qxd5 Nc6 11.Qxd6 Qb6: c3 83% of 23 games
07:29:26 Me   [0.19%] 5.Bg5 a6 6.Bxf6 exf6 7.Nf3 b5 8.Be2 Bg7 9.O-O: O-O (Prac 64.8 d3; b4 63.5, Ra7 60.4; 0m40s, 10 requests)
07:31:14 Me   [0.18%] 5.Bg5 a6 6.f4 Bg7 7.Nf3: O-O!? (Prac 55.1 d5; b5 53.9, h6 49.8, Qb6 49.6, Bg4 46.1, Qa5 46.3; 1m44s, 26 requests)
07:31:14 Opp  [0.18%] 5.Bg5 a6 6.f4 Bg7 7.Nf3 O-O: a4 58% of 587 games
07:31:26 Me   [0.18%] 5.Nf3 Bg7 6.Be2 O-O 7.O-O e6 8.Nd2 exd5 9.exd5 Nbd7 10.Nc4 Nb6 11.Ne3 Re8 12.a4 Ne4 13.Nxe4 Rxe4 14.a5 Rd4 15.Qe1: Nxd5 (Prac 49.9 few games; Nd7 44.4; 0m08s, 2 requests)
07:31:42 Me   [0.18%] 5.Be2 Bg7 6.h4 O-O 7.h5 b5 8.hxg6 fxg6 9.Bxb5 Nxe4 10.Nxe4: Qa5+ (Prac 55.5 d3; 0m12s, 3 requests)
07:31:50 Me   [0.18%] 5.f4 Bg7 6.e5 Nfd7 7.e6 fxe6 8.dxe6 Nf6 9.Bc4 Nc6 10.Nf3 O-O 11.O-O Na5 12.Bd5: Nxd5 (Prac 58.0 few games; Rb8 50.0; 0m04s, 1 requests)
07:31:50 Opp  [0.18%] 5.f4 Bg7 6.e5 Nfd7 7.e6 fxe6 8.dxe6 Nf6 9.Bc4 Nc6 10.Nf3 O-O 11.O-O Na5 12.Bd5 Nxd5: Qxd5 89% of 35 games
07:32:38 Me   [0.18%] 5.Nf3 Bg7 6.h3 O-O 7.a4 e6 8.Be2 exd5 9.exd5 Na6 10.O-O Re8 11.Bf4: Nb4 (Prac 55.2 d3; Nc7 53.3, h6 46.9, Ne4 42.1; 0m44s, 11 requests)
07:32:46 Me   [0.16%] 5.f3 Bg7 6.Be3 O-O 7.Qd2 e6 8.O-O-O exd5 9.Nxd5 Nxd5 10.Qxd5 Nc6 11.Qxd6 Qb6 12.c3: Rd8 (Prac 83.0 few games; 0m04s, 1 requests)
07:32:46 Opp  [0.16%] 5.f3 Bg7 6.Be3 O-O 7.Qd2 e6 8.O-O-O exd5 9.Nxd5 Nxd5 10.Qxd5 Nc6 11.Qxd6 Qb6 12.c3 Rd8: Qxc5 93% of 15 games
07:33:06 Me   [0.16%] 5.f4 Bg7 6.e5 Nfd7 7.e6 fxe6 8.dxe6 Nf6 9.Bc4 Nc6 10.Nf3 O-O 11.O-O Na5 12.Bd5 Nxd5 13.Qxd5: Nc6 (Prac 58.0 few games; Rf5 52.0, Rf6 50.5, Qb6 51.0; 0m16s, 4 requests)
07:33:14 Me   [0.15%] 5.f3 Bg7 6.Be3 O-O 7.Qd2 e6 8.O-O-O exd5 9.Nxd5 Nxd5 10.Qxd5 Nc6 11.Qxd6 Qb6 12.c3 Rd8 13.Qxc5: Rxd1+ (Prac 83.0 few games; 0m04s, 1 requests)
07:33:14 Opp  [0.15%] 5.f3 Bg7 6.Be3 O-O 7.Qd2 e6 8.O-O-O exd5 9.Nxd5 Nxd5 10.Qxd5 Nc6 11.Qxd6 Qb6 12.c3 Rd8 13.Qxc5 Rxd1+: Kxd1 100% of 14 games
07:33:22 Me   [0.15%] 5.f3 Bg7 6.Be3 O-O 7.Qd2 e6 8.O-O-O exd5 9.Nxd5 Nxd5 10.Qxd5 Nc6 11.Qxd6 Qb6 12.c3 Rd8 13.Qxc5 Rxd1+ 14.Kxd1: Qxb2 (Prac 83.0 few games; 0m04s, 1 requests)
07:33:34 Me   [0.15%] 5.Be2 Bg7 6.g4 O-O 7.g5 Ne8 8.h4 e6 9.h5 Nc7 10.hxg6: fxg6 (Prac 52.2 few games; Bxc3+ 49.4, hxg6 47.1; 0m08s, 2 requests)
07:35:02 Me   [0.15%] 5.Nf3 Bg7 6.Be2 O-O 7.O-O e6 8.h3 exd5 9.exd5 Na6 10.Bf4 Nc7 11.a4 b6 12.Re1: a6 (Prac 53.3 d3; Bb7 51.2, Re8 51.8; 1m24s, 21 requests)
07:35:23 Me   [0.15%] 5.f4 Bg7 6.e5 Nfd7 7.e6 fxe6 8.dxe6 Nf6 9.Bb5+ Nc6 10.Qe2 O-O 11.Nf3: Nd4 (Prac 71.6 d3; a6 60.4, Qb6 60.4, Qa5 55.0; 0m17s, 4 requests)
07:35:23 Opp  [0.15%] 5.f4 Bg7 6.e5 Nfd7 7.e6 fxe6 8.dxe6 Nf6 9.Bb5+ Nc6 10.Qe2 O-O 11.Nf3 Nd4: Nxd4 95% of 62 games
07:35:30 Me   [0.14%] 5.f4 Bg7 6.Nf3 O-O 7.Be2 b5 8.e5 dxe5 9.fxe5 Ng4 10.Bf4 b4 11.Ne4 Nd7 12.e6 fxe6 13.dxe6 Rxf4 14.exd7 Qxd7 15.Qxd7: Bxd7 (Prac 79.3 few games; 0m04s, 1 requests)
07:35:30 Opp  [0.14%] 5.f4 Bg7 6.Nf3 O-O 7.Be2 b5 8.e5 dxe5 9.fxe5 Ng4 10.Bf4 b4 11.Ne4 Nd7 12.e6 fxe6 13.dxe6 Rxf4 14.exd7 Qxd7 15.Qxd7 Bxd7: Nxc5 96% of 24 games
07:35:50 Me   [0.14%] 5.Bf4 Bg7 6.Nf3 O-O 7.Be2 b5 8.Bxb5: Nxe4 (Prac 58.1 d3; Qa5 57.7, Qb6 41.1; 0m16s, 4 requests)
07:35:50 Opp  [0.14%] 5.Bf4 Bg7 6.Nf3 O-O 7.Be2 b5 8.Bxb5 Nxe4: Nxe4 81% of 998 games
07:35:58 Me   [0.14%] 5.Nf3 Bg7 6.Bd3 O-O 7.O-O e6 8.Bg5 h6 9.Bh4 exd5 10.Nxd5 g5 11.Bg3: Nxd5 (Prac 61.7 d3; 0m04s, 1 requests)
07:35:58 Opp  [0.14%] 5.Nf3 Bg7 6.Bd3 O-O 7.O-O e6 8.Bg5 h6 9.Bh4 exd5 10.Nxd5 g5 11.Bg3 Nxd5: exd5 100% of 72 games
07:36:06 Me   [0.14%] 5.Nf3 Bg7 6.Bd3 O-O 7.O-O e6 8.Bg5 h6 9.Bh4 exd5 10.Nxd5 g5 11.Bg3 Nxd5 12.exd5: f5 (Prac 61.7 few games; Bxb2 49.4; 0m04s, 1 requests)
07:36:33 Me   [0.14%] 5.f4 Bg7 6.Nf3 O-O 7.Be2 b5 8.e5 dxe5 9.fxe5 Ng4 10.Bf4 b4 11.Ne4 Nd7 12.e6 fxe6 13.dxe6 Rxf4 14.exd7 Qxd7 15.Qxd7 Bxd7 16.Nxc5: Bxb2 (Prac 79.3 few games; Bf5 71.7; 0m23s, 2 requests)
07:36:38 Me   [0.14%] 5.f4 Bg7 6.e5 Nfd7 7.e6 fxe6 8.dxe6 Nf6 9.Bb5+ Nc6 10.Qe2 O-O 11.Nf3 Nd4 12.Nxd4: cxd4 (Prac 71.4 d3; 0m05s, 3 requests)
07:36:58 Me   [0.13%] 5.f4 Bg7 6.Nf3 O-O 7.h3 b5 8.Bxb5 Nxe4 9.Nxe4 Qa5+ 10.Nc3 Bxc3+ 11.bxc3 Qxb5 12.Qd3: Ba6 (Prac 69.4 d3; Qa4 63.3, c4 57.3; 0m19s, 5 requests)
07:36:58 Opp  [0.13%] 5.f4 Bg7 6.Nf3 O-O 7.h3 b5 8.Bxb5 Nxe4 9.Nxe4 Qa5+ 10.Nc3 Bxc3+ 11.bxc3 Qxb5 12.Qd3 Ba6: Qxb5 80% of 149 games
07:37:02 Me   [0.13%] 5.Bd3 Bg7 6.Nge2 a6 7.a4 Nbd7 8.O-O Ne5 9.f4: Nxd3 (Prac 50.2 few games; 0m00s, 0 requests)
07:37:18 Me   [0.12%] 5.Nf3 Bg7 6.Bc4 O-O 7.O-O Na6 8.h3 Nc7 9.a4 e6 10.dxe6: Bxe6 (Prac 48.7 d3; 0m12s, 3 requests)
07:37:34 Me   [0.12%] 5.Nf3 Bg7 6.Be2 O-O 7.O-O e6 8.Bg5 h6 9.Bh4 exd5 10.exd5 g5 11.Bg3 Nh5 12.Nd2 Nxg3 13.hxg3 Nd7 14.Nc4: Nb6 (Prac 53.4 few games; Ne5 51.8, Nf6 46.1; 0m12s, 3 requests)
07:37:58 Me   [0.12%] 5.Nf3 Bg7 6.h3 O-O 7.Bd3 e6 8.O-O exd5 9.exd5 Na6 10.a3 Nc7 11.Bc4: a6 (Prac 51.7 d3; b6 51.0, Re8 51.0, Rb8 51.0, Bd7 50.5; 0m20s, 5 requests)
07:37:58 Opp  [0.12%] 5.Nf3 Bg7 6.h3 O-O 7.Bd3 e6 8.O-O exd5 9.exd5 Na6 10.a3 Nc7 11.Bc4 a6: a4 95% of 82 games
07:38:18 Me   [0.12%] 5.Nf3 Bg7 6.h3 O-O 7.Be2 b5 8.Bxb5 Nxe4 9.Nxe4 Qa5+ 10.Nc3 Bxc3+ 11.bxc3 Qxb5 12.Bh6 Re8 13.Rb1: Qc4 (Prac 67.7 d3; 0m16s, 4 requests)
07:38:27 Me   [0.12%] 5.Nf3 Bg7 6.Bg5 O-O 7.Qd2 Qb6 8.O-O-O Nxe4 9.Qe3: Nxc3 (Prac 75.4 few games; Nxg5 68.3; 0m05s, 1 requests)
07:38:27 Opp  [0.12%] 5.Nf3 Bg7 6.Bg5 O-O 7.Qd2 Qb6 8.O-O-O Nxe4 9.Qe3 Nxc3: bxc3 100% of 46 games
07:38:46 Me   [0.12%] 5.Nf3 Bg7 6.Bg5 O-O 7.Qd2 Qb6 8.O-O-O Nxe4 9.Qe3 Nxc3 10.bxc3: Qa5 (Prac 75.4 few games; Nd7 71.5, Re8 68.5, Bf5 67.3; 0m16s, 4 requests)
07:39:14 Me   [0.12%] 5.Bf4 Bg7 6.Nf3 O-O 7.Be2 b5 8.Bxb5 Nxe4 9.Nxe4: Qa5+ (Prac 60.2 d3; 0m24s, 6 requests)
07:39:34 Me   [0.12%] 5.Nf3 Bg7 6.h3 O-O 7.Bd3 e6 8.O-O exd5 9.exd5 Na6 10.a3 Nc7 11.Bc4 a6 12.a4: b6 (Prac 51.1 few games; Re8 49.6, Rb8 48.7, Bd7 48.2, Bf5 47.9; 0m16s, 4 requests)
07:41:42 Me   [0.11%] 5.Nf3 Bg7 6.Bb5+ Bd7 7.Bxd7+ Nbxd7 8.O-O O-O 9.Re1 a6 10.a4: Re8 (Prac 49.3 d3; Qc7 47.6, b6 47.9, Ne8 47.5, b5 44.2, Nh5 45.3; 2m04s, 31 requests)
07:42:42 Me   [0.11%] 5.Bg5 a6 6.f4 Bg7 7.Nf3 O-O 8.a4: Qa5?! (Prac 57.1 d3; Nbd7 51.2, Bg4 48.3, Nh5 46.0, Qc7 39.4, h6 43.5; 0m56s, 14 requests)
07:43:14 Me   [0.10%] 5.f4 Bg7 6.Nf3 O-O 7.Be2 b5 8.Bxb5 Nxe4 9.Nxe4 Qa5+ 10.Nc3 Bxc3+ 11.bxc3 Qxb5 12.Qd3 Ba6 13.Qxb5 Bxb5 14.Nd2: Nd7 (Prac 70.3 d3; Ba6 67.9, c4 55.1, Ba4 59.4; 0m28s, 7 requests)
07:43:42 Me   [0.10%] 5.f4 Bg7 6.Nf3 O-O 7.h3 b5 8.Bxb5 Nxe4 9.Nxe4 Qa5+ 10.Nc3 Bxc3+ 11.bxc3 Qxb5 12.Qd3 Ba6 13.Qxb5: Bxb5 (Prac 69.3 d3; 0m24s, 6 requests)
07:43:42 Done: 199 searches this run (199 in all), 364 positions done, 32 ended, 0 left; 5066 Lichess and 8178 ChessDB requests in 337m25s.
