11:00:40 repgen: Black from rnbqkbnr/pp1p1ppp/8/2P1p3/8/8/PPP1PPPP/RNBQKBNR w KQkq - 0 3 (d4 c5 dxc5 e5); Lichess blitz,rapid,classical / 1800,2000,2200.
11:00:40 Options: {"weights":[0.1,0.2,0.7],"riskAversion":0.05}
11:00:40 Opp  [100.00%] (start): Nf3 22%, Nc3 19%, e4 18%, b4 13%, Be3 6%, e3 6%, c4 5%, Qd5 3% of 392196 games
11:00:40 Me   [22.14%] 3.Nf3: Nc6 (Prac 52.7 d5, prep 54.1, blend 53.3; Nf6 52.0 (Prac 51.3), Qc7 48.3 (Prac 48.1), Bxc5 52.0 (Prac 51.1); 0m00s, 0 requests)
11:00:40 Opp  [22.14%] 3.Nf3 Nc6: e4 34%, e3 15%, Nc3 13%, Bg5 11%, g3 7%, Be3 6% of 101500 games
11:00:40 Me   [18.63%] 3.Nc3: Nf6!? (Prac 54.1 d5, prep 56.7, blend 55.0; Bxc5 54.4 (Prac 53.2), Nc6 52.9 (Prac 52.1), a5 44.1 (Prac 42.4); 0m00s, 0 requests)
11:00:40 Opp  [18.63%] 3.Nc3 Nf6: e4 38%, Bg5 24%, Nf3 14%, b4 8% of 19264 games
11:00:40 Me   [17.92%] 3.e4: Bxc5 (Prac 54.4 d5, prep 57.0, blend 55.8; Nf6 54.1 (Prac 53.6), Nc6 48.4 (Prac 46.8); 0m00s, 0 requests)
11:00:40 Opp  [17.92%] 3.e4 Bxc5: Nf3 63%, Nc3 16%, Bc4 10% of 63494 games
11:00:40 Me   [12.94%] 3.b4: a5 (Prac 54.6 d5, prep 56.8, blend 55.7; Nf6 55.1 (Prac 54.8), d5 50.2 (Prac 50.8), Ne7 42.7 (Prac 35.4), Be7 47.1 (Prac 43.0), Nc6 51.7 (Prac 52.6); 0m00s, 0 requests)
11:00:40 Opp  [12.94%] 3.b4 a5: c3 81% of 26688 games
11:00:42 Me   [11.30%] 3.e4 Bxc5 4.Nf3: Nf6 (Prac 56.1 d5, prep 58.8, blend 57.4; Qb6 56.6 (Prac 56.4), Nc6 55.1 (Prac 53.1), Qe7 47.2 (Prac 42.8), Bxf2+ 29.3 (Prac 26.5), Be7 55.1 (Prac 55.0); 0m02s, 1 requests)
11:00:42 Opp  [11.30%] 3.e4 Bxc5 4.Nf3 Nf6: Nc3 37%, Bd3 29%, Bc4 14% of 6839 games
11:00:42 Me   [10.54%] 3.b4 a5 4.c3: Nf6 (Prac 58.5 d5, prep 60.5, blend 59.0; axb4 58.2 (Prac 57.3), d6 54.2 (Prac 54.4), b6 57.6 (Prac 55.7), Nc6 54.0 (Prac 55.5); 0m00s, 0 requests)
11:00:42 Opp  [10.54%] 3.b4 a5 4.c3 Nf6: Bb2 32%, a3 21%, Bd2 10%, Bg5 9% of 4508 games
11:00:42 Me   [7.42%] 3.Nf3 Nc6 4.e4: Bxc5 (Prac 53.1 d5, prep 56.4, blend 55.1; Nf6 54.1 (Prac 52.8), h6 45.8 (Prac 43.9); 0m00s, 0 requests)
11:00:42 Opp  [7.42%] 3.Nf3 Nc6 4.e4 Bxc5: Bc4 42%, Nc3 24%, Bb5 11% of 142266 games
11:00:42 Me   [7.16%] 3.Nc3 Nf6 4.e4: Bxc5 (Prac 54.0 d5, prep 54.8, blend 54.2; Nc6 53.7 (Prac 52.7), Qa5 48.4 (Prac 48.0); 0m00s, 0 requests)
11:00:42 Opp  [7.16%] 3.Nc3 Nf6 4.e4 Bxc5: Nf3 42%, Bc4 17%, Bg5 17% of 22243 games
11:00:42 Me   [7.18%] 3.e4 Bxc5 4.Nf3 Nf6 5.Nc3: Qb6 (Prac 56.6 d5, prep 59.7, blend 58.1; d6 55.2 (Prac 54.3), O-O 54.0 (Prac 55.4), Nc6 56.8 (Prac 54.2), a6 50.2 (Prac 50.7), Ng4 50.2 (Prac 51.9); 0m00s, 0 requests)
11:00:42 Opp  [7.18%] 3.e4 Bxc5 4.Nf3 Nf6 5.Nc3 Qb6: Qe2 56%, Qd2 27% of 789 games
11:00:45 Me   [5.91%] 3.Be3: Qc7 (Prac 55.9 d5, prep 57.6, blend 56.1; Nf6 53.5 (Prac 53.6), Nc6 51.4 (Prac 52.6), f6 41.3 (Prac 38.4), Na6 51.0 (Prac 50.4), f5 50.0 (Prac 49.6); 0m02s, 1 requests)
11:00:45 Opp  [5.91%] 3.Be3 Qc7: b4 39%, Nc3 19%, Qd5 15%, Nf3 11% of 451 games
11:00:45 Me   [5.51%] 3.e3: Bxc5 (Prac 54.5 d5, prep 56.8, blend 55.6; Nf6 54.7 (Prac 52.5), Nc6 55.6 (Prac 54.6); 0m00s, 0 requests)
11:00:45 Opp  [5.51%] 3.e3 Bxc5: Nf3 39%, a3 12%, Nc3 11% of 19674 games
11:00:45 Me   [4.83%] 3.c4: Nf6 (Prac 54.1 d5, prep 56.0, blend 54.9; Bxc5 54.6 (Prac 53.9), Nc6 51.9 (Prac 51.4); 0m00s, 0 requests)
11:00:45 Opp  [4.83%] 3.c4 Nf6: Nc3 50%, Nf3 13%, b4 12% of 20721 games
11:00:46 Me   [4.53%] 3.Nc3 Nf6 4.Bg5: Bxc5 (Prac 58.7 d5, prep 65.6, blend 62.2; Nc6 53.0 (Prac 52.0), Be7 41.4 (Prac 39.5); 0m01s, 0 requests)
11:00:46 Opp  [4.53%] 3.Nc3 Nf6 4.Bg5 Bxc5: e3 30%, Ne4 16%, Bxf6 15%, Nf3 14% of 4560 games
11:00:46 Me   [4.01%] 3.e4 Bxc5 4.Nf3 Nf6 5.Nc3 Qb6 6.Qe2: Nc6!? (Prac 58.1 d3, prep 64.1, blend 61.4; d6 55.4 (Prac 55.9), O-O 60.9 (Prac 58.5); 0m00s, 0 requests)
11:00:46 Opp  [4.01%] 3.e4 Bxc5 4.Nf3 Nf6 5.Nc3 Qb6 6.Qe2 Nc6: Na4 26%, Nd5 15%, g3 13% of 1092 games
11:00:48 Me   [3.37%] 3.Nf3 Nc6 4.e3: Bxc5 (Prac 56.2 d5, prep 58.0, blend 56.8; Nf6 56.2 (Prac 56.2), Be7 47.9 (Prac 45.0), a6 50.8 (Prac 49.9), Qa5+ 50.8 (Prac 49.8); 0m02s, 1 requests)
11:00:48 Opp  [3.37%] 3.Nf3 Nc6 4.e3 Bxc5: Be2 28%, Bb5 17% of 25661 games
11:00:48 Me   [3.36%] 3.b4 a5 4.c3 Nf6 5.Bb2: b6 (Prac 62.0 d5, prep 63.8, blend 62.1; axb4 61.9 (Prac 61.2), d6 52.8 (Prac 52.5), d5 52.3 (Prac 52.1), Nc6 51.5 (Prac 51.4), Be7 51.5 (Prac 51.1); 0m00s, 0 requests)
11:00:48 Opp  [3.36%] 3.b4 a5 4.c3 Nf6 5.Bb2 b6: cxb6 77% of 347 games
11:00:49 Me   [3.22%] 3.e4 Bxc5 4.Nf3 Nf6 5.Bd3: O-O (Prac 61.9 d5, prep 65.6, blend 63.3; d5 62.2 (Prac 60.3), Nc6 53.3 (Prac 52.1), d6 52.0 (Prac 51.7); 0m01s, 0 requests)
11:00:49 Opp  [3.22%] 3.e4 Bxc5 4.Nf3 Nf6 5.Bd3 O-O: O-O 74% of 680 games
11:00:53 Me   [3.11%] 3.Nf3 Nc6 4.e4 Bxc5 5.Bc4: Nf6 (Prac 53.9 d5, prep 58.1, blend 56.4; d6 53.6 (Prac 52.6), Bb6 43.4 (Prac 39.0), Qa5+ 44.6 (Prac 43.9); 0m04s, 2 requests)
11:00:53 Opp  [3.11%] 3.Nf3 Nc6 4.e4 Bxc5 5.Bc4 Nf6: Nc3 40%, O-O 33% of 45253 games
11:00:53 Me   [2.92%] 3.Nf3 Nc6 4.Nc3: Bxc5 (Prac 56.1 d5, prep 58.3, blend 57.0; Nf6 56.4 (Prac 54.5), h6 50.1 (Prac 46.1), a6 46.7 (Prac 46.7); 0m00s, 0 requests)
11:00:53 Opp  [2.92%] 3.Nf3 Nc6 4.Nc3 Bxc5: e4 35%, Bg5 22%, e3 22% of 34545 games
11:00:53 Me   [2.83%] 3.e4 Bxc5 4.Nc3: Nc6 (Prac 52.6 d5, prep 55.7, blend 54.5; Nf6 54.2 (Prac 54.0), d6 53.0 (Prac 53.0), Qb6 54.3 (Prac 53.9), h6 51.7 (Prac 50.3); 0m00s, 0 requests)
11:00:53 Opp  [2.83%] 3.e4 Bxc5 4.Nc3 Nc6: Nf3 63% of 29569 games
11:00:56 Me   [4.55%] 3.Nf3 Nc6 4.e4 Bxc5 5.Nc3: Nf6 (Prac 54.2 d5, prep 58.6, blend 56.8; d6 54.1 (Prac 52.8), a6 52.0 (Prac 50.7), h6 52.8 (Prac 51.0), Be7 49.6 (Prac 48.8), Qb6 55.7 (Prac 53.6); 0m03s, 1 requests)
11:00:56 Opp  [4.55%] 3.Nf3 Nc6 4.e4 Bxc5 5.Nc3 Nf6: Bc4 40%, Bg5 21% of 72338 games
11:00:57 Me   [3.06%] 3.Nf3 Nc6 4.e4 Bxc5 5.Bc4 Nf6 6.Nc3: d6 (Prac 52.6 d3, prep 55.8, blend 54.6; h6 52.8 (Prac 50.9), O-O 52.5 (Prac 51.0), b6 41.4 (Prac 41.8), h5 41.9 (Prac 37.0), a5 49.3 (Prac 48.5); 0m01s, 0 requests)
11:00:57 Opp  [3.06%] 3.Nf3 Nc6 4.e4 Bxc5 5.Bc4 Nf6 6.Nc3 d6: O-O 49%, Bg5 25% of 11768 games
11:00:57 Me   [2.64%] 3.Nc3 Nf6 4.Nf3: Nc6 (Prac 54.5 d5, prep 58.1, blend 56.4; Bxc5 54.4 (Prac 53.5), Qc7 41.8 (Prac 40.2); 0m00s, 0 requests)
11:00:57 Opp  [2.64%] 3.Nc3 Nf6 4.Nf3 Nc6: e4 48%, Bg5 33% of 8015 games
11:00:57 Me   [2.62%] 3.Qd5: Nc6 (Prac 61.4 d5, prep 62.1, blend 61.0; Qa5+ 52.8 (Prac 51.4), Nf6 52.6 (Prac 50.1), d6 56.4 (Prac 53.6); 0m00s, 0 requests)
11:00:57 Opp  [2.62%] 3.Qd5 Nc6: Nf3 39% of 8143 games
11:00:57 Me   [2.58%] 3.b4 a5 4.c3 Nf6 5.Bb2 b6 6.cxb6: axb4 (Prac 64.4 d3, prep 66.0, blend 64.2; d5 51.2 (Prac 50.0), Qxb6 50.6 (Prac 53.0); 0m00s, 0 requests)
11:00:57 Opp  [2.58%] 3.b4 a5 4.c3 Nf6 5.Bb2 b6 6.cxb6 axb4: cxb4 57% of 112 games
11:02:26 Me   [2.42%] 3.c4 Nf6 4.Nc3: Bxc5 (Prac 55.7 d5, prep 59.1, blend 57.4; Nc6 55.0 (Prac 54.5), Na6 46.0 (Prac 45.5); 1m28s, 36 requests)
11:02:26 Opp  [2.42%] 3.c4 Nf6 4.Nc3 Bxc5: e3 32%, Nf3 21% of 16649 games
11:03:30 Me   [2.37%] 3.e4 Bxc5 4.Nf3 Nf6 5.Bd3 O-O 6.O-O: d5 (Prac 64.3 d3, prep 67.8, blend 65.4; Nc6 50.6 (Prac 51.9), d6 50.8 (Prac 51.5); 1m00s, 15 requests)
11:03:30 Opp  [2.37%] 3.e4 Bxc5 4.Nf3 Nf6 5.Bd3 O-O 6.O-O d5: exd5 47% of 88 games
11:09:42 Me   [2.37%] 3.Nf3 Nc6 4.Bg5: Qa5+!? (Prac 55.7 d5, prep 58.8, blend 56.7; Nf6 54.6 (Prac 54.3), Qc7 53.3 (Prac 53.8), f6 56.3 (Prac 59.6), Be7 48.3 (Prac 48.7); 6m08s, 92 requests)
11:09:42 Opp  [2.37%] 3.Nf3 Nc6 4.Bg5 Qa5+: c3 50%, Nc3 25% of 3072 games
11:10:42 Me   [2.33%] 3.Be3 Qc7 4.b4: a5!? (Prac 59.5 d5, prep 60.9, blend 59.5; d6 53.7 (Prac 53.0), Nc6 50.5 (Prac 50.0), Nf6 51.6 (Prac 49.8), b6 50.4 (Prac 46.1), Na6 43.4 (Prac 43.3); 0m56s, 14 requests)
11:10:42 Opp  [2.33%] 3.Be3 Qc7 4.b4 a5: c3 90% of 122 games
