13:40:26 repgen: Black from rnbqkbnr/pp1p1ppp/8/2P1p3/8/8/PPP1PPPP/RNBQKBNR w KQkq - 0 3 (d4 c5 dxc5 e5); Lichess blitz,rapid,classical / 1600,1800,2000,2200,2500.
13:40:26 Options: {"weights":[0.33,0,0.67],"riskAversion":0.05,"replyThreshold":0.05}
13:40:27 Opp  [100.00%] (start): Nf3 22%, e4 18%, Nc3 17%, b4 15%, Be3 6%, e3 6%, c4 4%, Qd5 3% of 759589 games
13:43:18 Note: changing the Lichess filter mid-run mixes two player pools in one repertoire.
13:43:18 repgen: Black from rnbqkbnr/pp1p1ppp/8/2P1p3/8/8/PPP1PPPP/RNBQKBNR w KQkq - 0 3 (d4 c5 dxc5 e5); Lichess blitz,rapid,classical / 1600,1800,2000,2200,2500.
13:43:18 Options: {"weights":[0.33,0,0.67],"riskAversion":0.05,"replyThreshold":0.05}
13:44:32 Me   [21.61%] 3.Nf3: Nf6?! (Prac 55.4 d5, prep 59.7, blend 53.5; Nc6 52.2 (Prac 52.9), e4 46.9 (Prac 49.2), Bxc5 51.0 (Prac 52.0); 1m14s, 28 requests)
13:44:32 Opp  [21.61%] 3.Nf3 Nf6: Nxe5 44%, Nc3 11%, Bg5 11%, e3 11%, b4 6% of 8447 games
13:47:11 Me   [18.19%] 3.e4: Bxc5 (Prac 54.5 d5, prep 57.0, blend 54.7; Nf6 52.4 (Prac 53.5), Qf6 38.6 (Prac 29.0), h6 41.7 (Prac 42.7); 2m39s, 44 requests)
13:47:11 Opp  [18.19%] 3.e4 Bxc5: Nf3 61%, Nc3 17%, Bc4 10% of 124578 games
14:16:04 repgen: Black from rnbqkbnr/pp1p1ppp/8/2P1p3/8/8/PPP1PPPP/RNBQKBNR w KQkq - 0 3 (d4 c5 dxc5 e5); Lichess blitz,rapid,classical / 1600,1800,2000,2200,2500.
14:16:04 Options: {"weights":[0.33,0,0.67],"riskAversion":0.05,"replyThreshold":0.05}
14:21:00 Me   [16.93%] 3.Nc3: Bxc5 (Prac 54.7 d7, prep 55.8, blend 53.8, close call: d5→d7 Bxc5/Nf6; Nc6 52.0 (Prac 52.1) d5, h6 45.8 (Prac 42.0), a5 42.6 (Prac 43.6) d5, Nf6 53.3 (Prac 54.9); 4m56s, 90 requests)
14:21:00 Opp  [16.93%] 3.Nc3 Bxc5: Nf3 33%, e4 30%, Ne4 17%, e3 12% of 114464 games
14:26:00 repgen: Black from rnbqkbnr/pp1p1ppp/8/2P1p3/8/8/PPP1PPPP/RNBQKBNR w KQkq - 0 3 (d4 c5 dxc5 e5); Lichess blitz,rapid,classical / 1600,1800,2000,2200,2500.
14:26:00 Options: {"weights":[0.33,0,0.67],"riskAversion":0.05,"replyThreshold":0.05}
14:29:48 repgen: Black from rnbqkbnr/pp1p1ppp/8/2P1p3/8/8/PPP1PPPP/RNBQKBNR w KQkq - 0 3 (d4 c5 dxc5 e5); Lichess blitz,rapid,classical / 1600,1800,2000,2200,2500.
14:29:48 Options: {"weights":[0.33,0,0.67],"riskAversion":0.05,"replyThreshold":0.05}
14:30:01 Me   [15.01%] 3.b4: a5 (Prac 54.9 d5, prep 57.0, blend 54.6; Nf6 53.5 (Prac 55.0), d5 50.0 (Prac 51.4), Be7 46.6 (Prac 48.5), Nc6 50.6 (Prac 52.7); 0m13s, 16 requests)
14:30:01 Opp  [15.01%] 3.b4 a5: c3 77%, Bd2 10% of 50056 games
14:38:36 Me   [11.52%] 3.b4 a5 4.c3: Nf6 (Prac 59.3 d7, prep 61.4, blend 57.5, close call: d5→d7 Nf6/axb4/b6; axb4 57.4 (Prac 61.5), d6 53.2 (Prac 54.5) d5, Be7 50.7 (Prac 47.0), b6 56.0 (Prac 58.0), Nc6 50.5 (Prac 55.9) d5; 8m33s, 131 requests)
14:38:36 Opp  [11.52%] 3.b4 a5 4.c3 Nf6: Bb2 29%, a3 21%, Bg5 11%, Bd2 9%, Nf3 7% of 6637 games
14:49:12 Me   [11.17%] 3.e4 Bxc5 4.Nf3: Qb6 (Prac 60.5 d7, prep 64.1, blend 59.4, close call: d5→d7 Nf6/Qb6; Nf6 57.9 (Prac 59.1), Nc6 54.1 (Prac 53.2) d5, Qe7 47.0 (Prac 47.5) d5, Be7 53.5 (Prac 57.7) d5, Bxf2+ 28.7 (Prac 26.9) d5; 10m31s, 158 requests)
14:49:12 Opp  [11.17%] 3.e4 Bxc5 4.Nf3 Qb6: Qe2 51%, Qd2 36% of 6191 games
14:50:52 Me   [9.44%] 3.Nf3 Nf6 4.Nxe5: d6!? (Prac 59.2 d5, prep 64.9, blend 55.9; Bxc5 51.4 (Prac 51.2), Qc7 38.3 (Prac 29.9); 1m35s, 24 requests)
14:50:52 Opp  [9.44%] 3.Nf3 Nf6 4.Nxe5 d6: cxd6 85% of 55 games
14:51:32 Me   [8.07%] 3.Nf3 Nf6 4.Nxe5 d6 5.cxd6: Qa5+ (Prac 64.0 few games, prep 67.4, blend 66.3; Bxd6 35.3 (Prac 35.0); 0m36s, 9 requests)
14:51:32 Opp  [8.07%] 3.Nf3 Nf6 4.Nxe5 d6 5.cxd6 Qa5+: Nc3 52% of 42 games
14:56:28 Me   [8.03%] 3.e4 Bxc5 4.Nc3: Nf6 (Prac 55.9 d7, prep 56.9, blend 54.6, close call: d5→d7 Nf6/Nc6; Nc6 54.5 (Prac 53.3), d6 51.8 (Prac 53.1) d5, Qb6 51.4 (Prac 55.0) d5, h6 50.6 (Prac 50.3) d5; 4m52s, 73 requests)
14:56:28 Opp  [8.03%] 3.e4 Bxc5 4.Nc3 Nf6: Nf3 43%, Bg5 18%, Bc4 14% of 37335 games
